Component: ARM Compiler 5.06 update 4 (build 422) Tool: armlink [4d35d2]

==============================================================================

Section Cross References

    main.o(i.InitDriver) refers to delay.o(i.delay_init) for delay_init
    main.o(i.InitDriver) refers to uart.o(i.uart_init) for uart_init
    main.o(i.InitDriver) refers to noretval__2printf.o(.text) for __2printf
    main.o(i.InitDriver) refers to usb_use.o(i.usb_use_init) for usb_use_init
    main.o(i.main) refers to main.o(i.InitDriver) for InitDriver
    main.o(i.main) refers to delay.o(i.delay_ms) for delay_ms
    main.o(i.main) refers to noretval__2printf.o(.text) for __2printf
    main.o(i.main) refers to usb_use.o(i.usb_print) for usb_print
    usb_use.o(i.usb_port_set) refers to stm32f10x_rcc.o(i.RCC_APB2PeriphClockCmd) for RCC_APB2PeriphClockCmd
    usb_use.o(i.usb_print) refers to delay.o(i.delay_ms) for delay_ms
    usb_use.o(i.usb_print) refers to strtok.o(.text) for strtok
    usb_use.o(i.usb_print) refers to hw_config.o(i.Joystick_Send) for Joystick_Send
    usb_use.o(i.usb_print) refers to delay.o(i.delay_us) for delay_us
    usb_use.o(i.usb_use_dis) refers to usb_use.o(i.usb_port_set) for usb_port_set
    usb_use.o(i.usb_use_init) refers to hw_config.o(i.USB_Interrupts_Config) for USB_Interrupts_Config
    usb_use.o(i.usb_use_init) refers to hw_config.o(i.Set_USBClock) for Set_USBClock
    usb_use.o(i.usb_use_init) refers to usb_init.o(i.USB_Init) for USB_Init
    stm32f10x_it.o(i.USBWakeUp_IRQHandler) refers to stm32f10x_exti.o(i.EXTI_ClearITPendingBit) for EXTI_ClearITPendingBit
    stm32f10x_it.o(i.USB_LP_CAN1_RX0_IRQHandler) refers to usb_istr.o(i.USB_Istr) for USB_Istr
    startup_stm32f10x_md.o(STACK) refers (Special) to heapauxi.o(.text) for __use_two_region_memory
    startup_stm32f10x_md.o(HEAP) refers (Special) to heapauxi.o(.text) for __use_two_region_memory
    startup_stm32f10x_md.o(RESET) refers (Special) to heapauxi.o(.text) for __use_two_region_memory
    startup_stm32f10x_md.o(RESET) refers to startup_stm32f10x_md.o(STACK) for __initial_sp
    startup_stm32f10x_md.o(RESET) refers to startup_stm32f10x_md.o(.text) for Reset_Handler
    startup_stm32f10x_md.o(RESET) refers to stm32f10x_it.o(i.NMI_Handler) for NMI_Handler
    startup_stm32f10x_md.o(RESET) refers to stm32f10x_it.o(i.HardFault_Handler) for HardFault_Handler
    startup_stm32f10x_md.o(RESET) refers to stm32f10x_it.o(i.MemManage_Handler) for MemManage_Handler
    startup_stm32f10x_md.o(RESET) refers to stm32f10x_it.o(i.BusFault_Handler) for BusFault_Handler
    startup_stm32f10x_md.o(RESET) refers to stm32f10x_it.o(i.UsageFault_Handler) for UsageFault_Handler
    startup_stm32f10x_md.o(RESET) refers to stm32f10x_it.o(i.SVC_Handler) for SVC_Handler
    startup_stm32f10x_md.o(RESET) refers to stm32f10x_it.o(i.DebugMon_Handler) for DebugMon_Handler
    startup_stm32f10x_md.o(RESET) refers to stm32f10x_it.o(i.PendSV_Handler) for PendSV_Handler
    startup_stm32f10x_md.o(RESET) refers to stm32f10x_it.o(i.SysTick_Handler) for SysTick_Handler
    startup_stm32f10x_md.o(RESET) refers to stm32f10x_it.o(i.USB_LP_CAN1_RX0_IRQHandler) for USB_LP_CAN1_RX0_IRQHandler
    startup_stm32f10x_md.o(RESET) refers to uart.o(i.USART1_IRQHandler) for USART1_IRQHandler
    startup_stm32f10x_md.o(RESET) refers to stm32f10x_it.o(i.USBWakeUp_IRQHandler) for USBWakeUp_IRQHandler
    startup_stm32f10x_md.o(.text) refers (Special) to heapauxi.o(.text) for __use_two_region_memory
    startup_stm32f10x_md.o(.text) refers to system_stm32f10x.o(i.SystemInit) for SystemInit
    startup_stm32f10x_md.o(.text) refers to __main.o(!!!main) for __main
    startup_stm32f10x_md.o(.text) refers to startup_stm32f10x_md.o(HEAP) for Heap_Mem
    startup_stm32f10x_md.o(.text) refers to startup_stm32f10x_md.o(STACK) for Stack_Mem
    system_stm32f10x.o(i.SetSysClock) refers to system_stm32f10x.o(i.SetSysClockTo72) for SetSysClockTo72
    system_stm32f10x.o(i.SystemCoreClockUpdate) refers to system_stm32f10x.o(.data) for SystemCoreClock
    system_stm32f10x.o(i.SystemInit) refers to system_stm32f10x.o(i.SetSysClock) for SetSysClock
    stm32f10x_adc.o(i.ADC_DeInit) refers to stm32f10x_rcc.o(i.RCC_APB2PeriphResetCmd) for RCC_APB2PeriphResetCmd
    stm32f10x_bkp.o(i.BKP_DeInit) refers to stm32f10x_rcc.o(i.RCC_BackupResetCmd) for RCC_BackupResetCmd
    stm32f10x_can.o(i.CAN_DeInit) refers to stm32f10x_rcc.o(i.RCC_APB1PeriphResetCmd) for RCC_APB1PeriphResetCmd
    stm32f10x_can.o(i.CAN_GetITStatus) refers to stm32f10x_can.o(i.CheckITStatus) for CheckITStatus
    stm32f10x_cec.o(i.CEC_DeInit) refers to stm32f10x_rcc.o(i.RCC_APB1PeriphResetCmd) for RCC_APB1PeriphResetCmd
    stm32f10x_dac.o(i.DAC_DeInit) refers to stm32f10x_rcc.o(i.RCC_APB1PeriphResetCmd) for RCC_APB1PeriphResetCmd
    stm32f10x_flash.o(i.FLASH_EnableWriteProtection) refers to stm32f10x_flash.o(i.FLASH_WaitForLastOperation) for FLASH_WaitForLastOperation
[...]
    Removing unicode.o(i.IsTextUTF8), (72 bytes).
    Removing unicode.o(i.enc_get_utf8_size), (86 bytes).
    Removing unicode.o(i.enc_utf8_to_unicode_one), (406 bytes).
    Removing testmain.o(i.InitDriverTest), (8 bytes).

533 unused section(s) (total 22319 bytes) removed from the image.

==============================================================================

Image Symbol Table

    Local Symbols

    Symbol Name                              Value     Ov Type        Size  Object(Section)

    ../clib/angel/boardlib.s                 0x00000000   Number         0  boardinit1.o ABSOLUTE
    ../clib/angel/boardlib.s                 0x00000000   Number         0  boardinit2.o ABSOLUTE
    ../clib/angel/boardlib.s                 0x00000000   Number         0  boardinit3.o ABSOLUTE
    ../clib/angel/boardlib.s                 0x00000000   Number         0  boardshut.o ABSOLUTE
    ../clib/angel/dczerorl2.s                0x00000000   Number         0  __dczerorl2.o ABSOLUTE
    ../clib/angel/handlers.s                 0x00000000   Number         0  __scatter_zi.o ABSOLUTE
    ../clib/angel/kernel.s                   0x00000000   Number         0  __rtentry.o ABSOLUTE
    ../clib/angel/kernel.s                   0x00000000   Number         0  __rtentry4.o ABSOLUTE
    ../clib/angel/kernel.s                   0x00000000   Number         0  __rtentry2.o ABSOLUTE
    ../clib/angel/kernel.s                   0x00000000   Number         0  rtexit.o ABSOLUTE
    ../clib/angel/kernel.s                   0x00000000   Number         0  rtexit2.o ABSOLUTE
    ../clib/angel/rt.s                       0x00000000   Number         0  rt_raise.o ABSOLUTE
    ../clib/angel/scatter.s                  0x00000000   Number         0  __scatter.o ABSOLUTE
    ../clib/angel/startup.s                  0x00000000   Number         0  __main.o ABSOLUTE
    ../clib/angel/sys.s                      0x00000000   Number         0  sys_stackheap_outer.o ABSOLUTE
    ../clib/angel/sys.s                      0x00000000   Number         0  use_no_semi.o ABSOLUTE
    ../clib/angel/sys.s                      0x00000000   Number         0  indicate_semi.o ABSOLUTE
    ../clib/angel/sys.s                      0x00000000   Number         0  use_no_semi_2.o ABSOLUTE
    ../clib/angel/sys.s                      0x00000000   Number         0  libspace.o ABSOLUTE
    ../clib/angel/sysapp.c                   0x00000000   Number         0  sys_command.o ABSOLUTE
    ../clib/angel/sysapp.c                   0x00000000   Number         0  sys_wrch.o ABSOLUTE
    ../clib/armsys.c                         0x00000000   Number         0  argv_veneer.o ABSOLUTE
    ../clib/armsys.c                         0x00000000   Number         0  _get_argv_nomalloc.o ABSOLUTE
    ../clib/armsys.c                         0x00000000   Number         0  argv_veneer.o ABSOLUTE
    ../clib/armsys.c                         0x00000000   Number         0  no_argv.o ABSOLUTE
    ../clib/heapalloc.c                      0x00000000   Number         0  hrguard.o ABSOLUTE
    ../clib/heapaux.c                        0x00000000   Number         0  heapauxi.o ABSOLUTE
    ../clib/libinit.s                        0x00000000   Number         0  libshutdown2.o ABSOLUTE
    ../clib/libinit.s                        0x00000000   Number         0  libinit2.o ABSOLUTE
    ../clib/libinit.s                        0x00000000   Number         0  libshutdown.o ABSOLUTE
    ../clib/libinit.s                        0x00000000   Number         0  libinit.o ABSOLUTE
    ../clib/printf.c                         0x00000000   Number         0  __printf_flags_ss_wp.o ABSOLUTE
    ../clib/printf.c                         0x00000000   Number         0  __2printf.o ABSOLUTE
    ../clib/printf.c                         0x00000000   Number         0  __printf.o ABSOLUTE
    ../clib/printf.c                         0x00000000   Number         0  noretval__2sprintf.o ABSOLUTE
    ../clib/printf.c                         0x00000000   Number         0  __printf_nopercent.o ABSOLUTE
    ../clib/printf.c                         0x00000000   Number         0  __printf_flags_ss.o ABSOLUTE
    ../clib/printf.c                         0x00000000   Number         0  noretval__2printf.o ABSOLUTE
    ../clib/printf.c                         0x00000000   Number         0  _printf_char_file.o ABSOLUTE
    ../clib/printf.c                         0x00000000   Number         0  _sputc.o ABSOLUTE
    ../clib/printf.c                         0x00000000   Number         0  _printf_char_common.o ABSOLUTE
    ../clib/printf.c                         0x00000000   Number         0  _printf_intcommon.o ABSOLUTE
    ../clib/printf.c                         0x00000000   Number         0  _printf_dec.o ABSOLUTE
    ../clib/printf.c                         0x00000000   Number         0  __2sprintf.o ABSOLUTE
    ../clib/printf.c                         0x00000000   Number         0  __printf_ss.o ABSOLUTE
    ../clib/printf.c                         0x00000000   Number         0  __printf_wp.o ABSOLUTE
    ../clib/printf.c                         0x00000000   Number         0  __printf_flags.o ABSOLUTE
    ../clib/printf.c                         0x00000000   Number         0  __printf_flags_wp.o ABSOLUTE
    ../clib/printf.c                         0x00000000   Number         0  __printf_ss_wp.o ABSOLUTE
    ../clib/printf_percent.s                 0x00000000   Number         0  _printf_percent_end.o ABSOLUTE
    ../clib/printf_percent.s                 0x00000000   Number         0  _printf_percent.o ABSOLUTE
    ../clib/printf_percent.s                 0x00000000   Number         0  _printf_d.o ABSOLUTE
    ../clib/signal.c                         0x00000000   Number         0  defsig_exit.o ABSOLUTE
    ../clib/signal.c                         0x00000000   Number         0  __raise.o ABSOLUTE
    ../clib/signal.c                         0x00000000   Number         0  defsig_pvfn_inner.o ABSOLUTE
    ../clib/signal.c                         0x00000000   Number         0  defsig_cppl_inner.o ABSOLUTE
    ../clib/signal.c                         0x00000000   Number         0  defsig_rtmem_outer.o ABSOLUTE
    ../clib/signal.c                         0x00000000   Number         0  defsig_fpe_inner.o ABSOLUTE
    ../clib/signal.c                         0x00000000   Number         0  defsig_other.o ABSOLUTE
    ../clib/signal.c                         0x00000000   Number         0  defsig_rtred_inner.o ABSOLUTE
    ../clib/signal.c                         0x00000000   Number         0  defsig_rtmem_inner.o ABSOLUTE
    ../clib/signal.c                         0x00000000   Number         0  defsig_stak_inner.o ABSOLUTE
    ../clib/signal.c                         0x00000000   Number         0  defsig_abrt_inner.o ABSOLUTE
    ../clib/signal.c                         0x00000000   Number         0  defsig_segv_inner.o ABSOLUTE
    ../clib/signal.c                         0x00000000   Number         0  defsig_rtmem_formal.o ABSOLUTE
    ../clib/signal.c                         0x00000000   Number         0  defsig_general.o ABSOLUTE
    ../clib/signal.s                         0x00000000   Number         0  defsig.o ABSOLUTE
    ../clib/stdio.c                          0x00000000   Number         0  ferror_locked.o ABSOLUTE
    ../clib/stdio.c                          0x00000000   Number         0  ferror.o ABSOLUTE
    ../clib/stdlib.c                         0x00000000   Number         0  exit.o ABSOLUTE
    ../clib/string.c                         0x00000000   Number         0  strspn.o ABSOLUTE
    ../clib/string.c                         0x00000000   Number         0  strcspn.o ABSOLUTE
    ../clib/string.c                         0x00000000   Number         0  strtok_int.o ABSOLUTE
    ../clib/string.c                         0x00000000   Number         0  strtok.o ABSOLUTE
    ../fplib/fpinit.s                        0x00000000   Number         0  fpinit.o ABSOLUTE
    ..\\misc\\sys.c                          0x00000000   Number         0  sys.o ABSOLUTE
    ..\\startup\\core_cm3.c                  0x00000000   Number         0  core_cm3.o ABSOLUTE
    ..\driver\delay\delay.c                  0x00000000   Number         0  delay.o ABSOLUTE
    ..\driver\iic\i2c.c                      0x00000000   Number         0  i2c.o ABSOLUTE
    ..\driver\spi\spi.c                      0x00000000   Number         0  spi.o ABSOLUTE
    ..\driver\uart\uart.c                    0x00000000   Number         0  uart.o ABSOLUTE
    ..\driver\usb\usb_driver\src\hw_config.c 0x00000000   Number         0  hw_config.o ABSOLUTE
    ..\driver\usb\usb_driver\src\usb_desc.c  0x00000000   Number         0  usb_desc.o ABSOLUTE
    ..\driver\usb\usb_driver\src\usb_endp.c  0x00000000   Number         0  usb_endp.o ABSOLUTE
    ..\driver\usb\usb_driver\src\usb_istr.c  0x00000000   Number         0  usb_istr.o ABSOLUTE
    ..\driver\usb\usb_driver\src\usb_prop.c  0x00000000   Number         0  usb_prop.o ABSOLUTE
    ..\driver\usb\usb_driver\src\usb_pwr.c   0x00000000   Number         0  usb_pwr.o ABSOLUTE
    ..\driver\usb\usb_driver\src\usb_use.c   0x00000000   Number         0  usb_use.o ABSOLUTE
    ..\driver\usb\usb_lib\src\usb_core.c     0x00000000   Number         0  usb_core.o ABSOLUTE
    ..\driver\usb\usb_lib\src\usb_init.c     0x00000000   Number         0  usb_init.o ABSOLUTE
    ..\driver\usb\usb_lib\src\usb_int.c      0x00000000   Number         0  usb_int.o ABSOLUTE
    ..\driver\usb\usb_lib\src\usb_mem.c      0x00000000   Number         0  usb_mem.o ABSOLUTE
    ..\driver\usb\usb_lib\src\usb_regs.c     0x00000000   Number         0  usb_regs.o ABSOLUTE
    ..\driver\usb\usb_lib\src\usb_sil.c      0x00000000   Number         0  usb_sil.o ABSOLUTE
    ..\lib\src\misc.c                        0x00000000   Number         0  misc.o ABSOLUTE
    ..\lib\src\stm32f10x_adc.c               0x00000000   Number         0  stm32f10x_adc.o ABSOLUTE
    ..\lib\src\stm32f10x_bkp.c               0x00000000   Number         0  stm32f10x_bkp.o ABSOLUTE
    ..\lib\src\stm32f10x_can.c               0x00000000   Number         0  stm32f10x_can.o ABSOLUTE
    ..\lib\src\stm32f10x_cec.c               0x00000000   Number         0  stm32f10x_cec.o ABSOLUTE
    ..\lib\src\stm32f10x_crc.c               0x00000000   Number         0  stm32f10x_crc.o ABSOLUTE
    ..\lib\src\stm32f10x_dac.c               0x00000000   Number         0  stm32f10x_dac.o ABSOLUTE
    ..\lib\src\stm32f10x_dbgmcu.c            0x00000000   Number         0  stm32f10x_dbgmcu.o ABSOLUTE
    ..\lib\src\stm32f10x_dma.c               0x00000000   Number         0  stm32f10x_dma.o ABSOLUTE
    ..\lib\src\stm32f10x_exti.c              0x00000000   Number         0  stm32f10x_exti.o ABSOLUTE
    ..\lib\src\stm32f10x_flash.c             0x00000000   Number         0  stm32f10x_flash.o ABSOLUTE
    ..\lib\src\stm32f10x_fsmc.c              0x00000000   Number         0  stm32f10x_fsmc.o ABSOLUTE
    ..\lib\src\stm32f10x_gpio.c              0x00000000   Number         0  stm32f10x_gpio.o ABSOLUTE
    ..\lib\src\stm32f10x_i2c.c               0x00000000   Number         0  stm32f10x_i2c.o ABSOLUTE
    ..\lib\src\stm32f10x_iwdg.c              0x00000000   Number         0  stm32f10x_iwdg.o ABSOLUTE
    ..\lib\src\stm32f10x_pwr.c               0x00000000   Number         0  stm32f10x_pwr.o ABSOLUTE
    ..\lib\src\stm32f10x_rcc.c               0x00000000   Number         0  stm32f10x_rcc.o ABSOLUTE
    ..\lib\src\stm32f10x_rtc.c               0x00000000   Number         0  stm32f10x_rtc.o ABSOLUTE
    ..\lib\src\stm32f10x_sdio.c              0x00000000   Number         0  stm32f10x_sdio.o ABSOLUTE
    ..\lib\src\stm32f10x_spi.c               0x00000000   Number         0  stm32f10x_spi.o ABSOLUTE
    ..\lib\src\stm32f10x_tim.c               0x00000000   Number         0  stm32f10x_tim.o ABSOLUTE
    ..\lib\src\stm32f10x_usart.c             0x00000000   Number         0  stm32f10x_usart.o ABSOLUTE
    ..\lib\src\stm32f10x_wwdg.c              0x00000000   Number         0  stm32f10x_wwdg.o ABSOLUTE
    ..\misc\sys.c                            0x00000000   Number         0  sys.o ABSOLUTE
    ..\misc\unicode.c                        0x00000000   Number         0  unicode.o ABSOLUTE
    ..\startup\core_cm3.c                    0x00000000   Number         0  core_cm3.o ABSOLUTE
    ..\startup\startup_stm32f10x_md.s        0x00000000   Number         0  startup_stm32f10x_md.o ABSOLUTE
    ..\startup\system_stm32f10x.c            0x00000000   Number         0  system_stm32f10x.o ABSOLUTE
    ..\test\testMain.c                       0x00000000   Number         0  testmain.o ABSOLUTE
    ..\user\main.c                           0x00000000   Number         0  main.o ABSOLUTE
    ..\user\stm32f10x_it.c                   0x00000000   Number         0  stm32f10x_it.o ABSOLUTE
    dc.s                                     0x00000000   Number         0  dc.o ABSOLUTE
    RESET                                    0x08000000   Section      236  startup_stm32f10x_md.o(RESET)
    !!!main                                  0x080000ec   Section        8  __main.o(!!!main)
    !!!scatter                               0x080000f4   Section       52  __scatter.o(!!!scatter)
    !!dczerorl2                              0x08000128   Section       90  __dczerorl2.o(!!dczerorl2)
    !!handler_zi                             0x08000184   Section       28  __scatter_zi.o(!!handler_zi)
    .ARM.Collect$$_printf_percent$$00000000  0x080001a0   Section        0  _printf_percent.o(.ARM.Collect$$_printf_percent$$00000000)
    .ARM.Collect$$_printf_percent$$00000017  0x080001a0   Section        4  _printf_percent_end.o(.ARM.Collect$$_printf_percent$$00000017)
    .ARM.Collect$$libinit$$00000000          0x080001a4   Section        2  libinit.o(.ARM.Collect$$libinit$$00000000)
    .ARM.Collect$$libinit$$00000002          0x080001a6   Section        0  libinit2.o(.ARM.Collect$$libinit$$00000002)
    .ARM.Collect$$libinit$$00000004          0x080001a6   Section        0  libinit2.o(.ARM.Collect$$libinit$$00000004)
    .ARM.Collect$$libinit$$0000000A          0x080001a6   Section        0  libinit2.o(.ARM.Collect$$libinit$$0000000A)
    .ARM.Collect$$libinit$$0000000C          0x080001a6   Section        0  libinit2.o(.ARM.Collect$$libinit$$0000000C)
    .ARM.Collect$$libinit$$0000000E          0x080001a6   Section        0  libinit2.o(.ARM.Collect$$libinit$$0000000E)
    .ARM.Collect$$libinit$$00000011          0x080001a6   Section        0  libinit2.o(.ARM.Collect$$libinit$$00000011)
    .ARM.Collect$$libinit$$00000013          0x080001a6   Section        0  libinit2.o(.ARM.Collect$$libinit$$00000013)
    .ARM.Collect$$libinit$$00000015          0x080001a6   Section        0  libinit2.o(.ARM.Collect$$libinit$$00000015)
    .ARM.Collect$$libinit$$00000017          0x080001a6   Section        0  libinit2.o(.ARM.Collect$$libinit$$00000017)
    .ARM.Collect$$libinit$$00000019          0x080001a6   Section        0  libinit2.o(.ARM.Collect$$libinit$$00000019)
    .ARM.Collect$$libinit$$0000001B          0x080001a6   Section        0  libinit2.o(.ARM.Collect$$libinit$$0000001B)
    .ARM.Collect$$libinit$$0000001D          0x080001a6   Section        0  libinit2.o(.ARM.Collect$$libinit$$0000001D)
    .ARM.Collect$$libinit$$0000001F          0x080001a6   Section        0  libinit2.o(.ARM.Collect$$libinit$$0000001F)
    .ARM.Collect$$libinit$$00000021          0x080001a6   Section        0  libinit2.o(.ARM.Collect$$libinit$$00000021)
    .ARM.Collect$$libinit$$00000023          0x080001a6   Section        0  libinit2.o(.ARM.Collect$$libinit$$00000023)
    .ARM.Collect$$libinit$$00000025          0x080001a6   Section        0  libinit2.o(.ARM.Collect$$libinit$$00000025)
    .ARM.Collect$$libinit$$0000002C          0x080001a6   Section        0  libinit2.o(.ARM.Collect$$libinit$$0000002C)
    .ARM.Collect$$libinit$$0000002E          0x080001a6   Section        0  libinit2.o(.ARM.Collect$$libinit$$0000002E)
    .ARM.Collect$$libinit$$00000030          0x080001a6   Section        0  libinit2.o(.ARM.Collect$$libinit$$00000030)
    .ARM.Collect$$libinit$$00000032          0x080001a6   Section        0  libinit2.o(.ARM.Collect$$libinit$$00000032)
    .ARM.Collect$$libinit$$00000033          0x080001a6   Section        2  libinit2.o(.ARM.Collect$$libinit$$00000033)
    .ARM.Collect$$libshutdown$$00000000      0x080001a8   Section        2  libshutdown.o(.ARM.Collect$$libshutdown$$00000000)
    .ARM.Collect$$libshutdown$$00000002      0x080001aa   Section        0  libshutdown2.o(.ARM.Collect$$libshutdown$$00000002)
    .ARM.Collect$$libshutdown$$00000004      0x080001aa   Section        0  libshutdown2.o(.ARM.Collect$$libshutdown$$00000004)
    .ARM.Collect$$libshutdown$$00000007      0x080001aa   Section        0  libshutdown2.o(.ARM.Collect$$libshutdown$$00000007)
    .ARM.Collect$$libshutdown$$0000000A      0x080001aa   Section        0  libshutdown2.o(.ARM.Collect$$libshutdown$$0000000A)
    .ARM.Collect$$libshutdown$$0000000C      0x080001aa   Section        0  libshutdown2.o(.ARM.Collect$$libshutdown$$0000000C)
    .ARM.Collect$$libshutdown$$0000000F      0x080001aa   Section        0  libshutdown2.o(.ARM.Collect$$libshutdown$$0000000F)
    .ARM.Collect$$libshutdown$$00000010      0x080001aa   Section        2  libshutdown2.o(.ARM.Collect$$libshutdown$$00000010)
    .ARM.Collect$$rtentry$$00000000          0x080001ac   Section        0  __rtentry.o(.ARM.Collect$$rtentry$$00000000)
    .ARM.Collect$$rtentry$$00000002          0x080001ac   Section        0  __rtentry2.o(.ARM.Collect$$rtentry$$00000002)
    .ARM.Collect$$rtentry$$00000004          0x080001ac   Section        6  __rtentry4.o(.ARM.Collect$$rtentry$$00000004)
    .ARM.Collect$$rtentry$$00000009          0x080001b2   Section        0  __rtentry2.o(.ARM.Collect$$rtentry$$00000009)
    .ARM.Collect$$rtentry$$0000000A          0x080001b2   Section        4  __rtentry2.o(.ARM.Collect$$rtentry$$0000000A)
    .ARM.Collect$$rtentry$$0000000C          0x080001b6   Section        0  __rtentry2.o(.ARM.Collect$$rtentry$$0000000C)
    .ARM.Collect$$rtentry$$0000000D          0x080001b6   Section        8  __rtentry2.o(.ARM.Collect$$rtentry$$0000000D)
    .ARM.Collect$$rtexit$$00000000           0x080001be   Section        2  rtexit.o(.ARM.Collect$$rtexit$$00000000)
    .ARM.Collect$$rtexit$$00000002           0x080001c0   Section        0  rtexit2.o(.ARM.Collect$$rtexit$$00000002)
    .ARM.Collect$$rtexit$$00000003           0x080001c0   Section        4  rtexit2.o(.ARM.Collect$$rtexit$$00000003)
    .ARM.Collect$$rtexit$$00000004           0x080001c4   Section        6  rtexit2.o(.ARM.Collect$$rtexit$$00000004)
    .text                                    0x080001cc   Section       64  startup_stm32f10x_md.o(.text)
    .text                                    0x0800020c   Section        2  use_no_semi_2.o(.text)
    .text                                    0x08000210   Section        0  noretval__2printf.o(.text)
    .text                                    0x08000228   Section        0  __printf.o(.text)
    .text                                    0x08000290   Section        0  strtok.o(.text)
    .text                                    0x0800029c   Section        0  heapauxi.o(.text)
    .text                                    0x080002a2   Section        2  use_no_semi.o(.text)
    .text                                    0x080002a4   Section        0  _printf_char_common.o(.text)
    _printf_input_char                       0x080002a5   Thumb Code    10  _printf_char_common.o(.text)
    .text                                    0x080002d4   Section        0  _printf_char_file.o(.text)
    .text                                    0x080002f8   Section        0  strtok_int.o(.text)
    .text                                    0x0800033c   Section        0  ferror.o(.text)
    .text                                    0x08000344   Section        0  strcspn.o(.text)
    .text                                    0x08000364   Section        0  strspn.o(.text)
    .text                                    0x08000380   Section       74  sys_stackheap_outer.o(.text)
    .text                                    0x080003ca   Section        0  exit.o(.text)
    .text                                    0x080003dc   Section        8  libspace.o(.text)
    i.BusFault_Handler                       0x080003e4   Section        0  stm32f10x_it.o(i.BusFault_Handler)
    i.ByteSwap                               0x080003e8   Section        0  usb_regs.o(i.ByteSwap)
    i.CTR_LP                                 0x080003f4   Section        0  usb_int.o(i.CTR_LP)
    i.ClearDTOG_RX                           0x0800067c   Section        0  usb_regs.o(i.ClearDTOG_RX)
    i.ClearDTOG_TX                           0x080006b0   Section        0  usb_regs.o(i.ClearDTOG_TX)
    i.Clear_Status_Out                       0x080006e4   Section        0  usb_regs.o(i.Clear_Status_Out)
    i.CustomHID_Data_Setup                   0x0800070c   Section        0  usb_prop.o(i.CustomHID_Data_Setup)
    i.CustomHID_GetConfigDescriptor          0x080007ac   Section        0  usb_prop.o(i.CustomHID_GetConfigDescriptor)
    i.CustomHID_GetDeviceDescriptor          0x080007c0   Section        0  usb_prop.o(i.CustomHID_GetDeviceDescriptor)
    i.CustomHID_GetHIDDescriptor             0x080007d4   Section        0  usb_prop.o(i.CustomHID_GetHIDDescriptor)
    i.CustomHID_GetHIDKeyBoardDescriptor     0x080007e8   Section        0  usb_prop.o(i.CustomHID_GetHIDKeyBoardDescriptor)
    i.CustomHID_GetKeyBoardReportDescriptor  0x080007fc   Section        0  usb_prop.o(i.CustomHID_GetKeyBoardReportDescriptor)
    i.CustomHID_GetProtocolValue             0x08000810   Section        0  usb_prop.o(i.CustomHID_GetProtocolValue)
    i.CustomHID_GetReportDescriptor          0x0800082c   Section        0  usb_prop.o(i.CustomHID_GetReportDescriptor)
    i.CustomHID_GetStringDescriptor          0x08000840   Section        0  usb_prop.o(i.CustomHID_GetStringDescriptor)
    i.CustomHID_Get_Interface_Setting        0x08000868   Section        0  usb_prop.o(i.CustomHID_Get_Interface_Setting)
    i.CustomHID_NoData_Setup                 0x08000880   Section        0  usb_prop.o(i.CustomHID_NoData_Setup)
    i.CustomHID_Reset                        0x080008a4   Section        0  usb_prop.o(i.CustomHID_Reset)
    i.CustomHID_SetConfiguration             0x08000990   Section        0  usb_prop.o(i.CustomHID_SetConfiguration)
    i.CustomHID_SetDeviceAddress             0x080009a8   Section        0  usb_prop.o(i.CustomHID_SetDeviceAddress)
    i.CustomHID_SetProtocol                  0x080009b4   Section        0  usb_prop.o(i.CustomHID_SetProtocol)
    i.CustomHID_Status_In                    0x080009cc   Section        0  usb_prop.o(i.CustomHID_Status_In)
    i.CustomHID_Status_Out                   0x080009ce   Section        0  usb_prop.o(i.CustomHID_Status_Out)
    i.CustomHID_init                         0x080009d0   Section        0  usb_prop.o(i.CustomHID_init)
    i.DataStageIn                            0x080009f8   Section        0  usb_core.o(i.DataStageIn)
    DataStageIn                              0x080009f9   Thumb Code   166  usb_core.o(i.DataStageIn)
    i.DataStageOut                           0x08000ab8   Section        0  usb_core.o(i.DataStageOut)
    DataStageOut                             0x08000ab9   Thumb Code   166  usb_core.o(i.DataStageOut)
    i.Data_Setup0                            0x08000b74   Section        0  usb_core.o(i.Data_Setup0)
    Data_Setup0                              0x08000b75   Thumb Code   628  usb_core.o(i.Data_Setup0)
    i.DebugMon_Handler                       0x08000e0c   Section        0  stm32f10x_it.o(i.DebugMon_Handler)
    i.EP1_IN_Callback                        0x08000e0e   Section        0  usb_endp.o(i.EP1_IN_Callback)
    i.EP1_OUT_Callback                       0x08000e10   Section        0  usb_endp.o(i.EP1_OUT_Callback)
    i.EP2_IN_Callback                        0x08000e38   Section        0  usb_endp.o(i.EP2_IN_Callback)
    i.EXTI_ClearITPendingBit                 0x08000e3c   Section        0  stm32f10x_exti.o(i.EXTI_ClearITPendingBit)
    i.Enter_LowPowerMode                     0x08000e48   Section        0  hw_config.o(i.Enter_LowPowerMode)
    i.GPIO_Init                              0x08000e4a   Section        0  stm32f10x_gpio.o(i.GPIO_Init)
    i.GPIO_ResetBits                         0x08000f60   Section        0  stm32f10x_gpio.o(i.GPIO_ResetBits)
    i.GPIO_SetBits                           0x08000f64   Section        0  stm32f10x_gpio.o(i.GPIO_SetBits)
    i.GetEPRxAddr                            0x08000f68   Section        0  usb_regs.o(i.GetEPRxAddr)
    i.GetEPTxAddr                            0x08000f88   Section        0  usb_regs.o(i.GetEPTxAddr)
    i.Get_SerialNum                          0x08000fa8   Section        0  hw_config.o(i.Get_SerialNum)
    i.HardFault_Handler                      0x08000fdc   Section        0  stm32f10x_it.o(i.HardFault_Handler)
    i.In0_Process                            0x08000fe0   Section        0  usb_core.o(i.In0_Process)
    i.InitDriver                             0x08001050   Section        0  main.o(i.InitDriver)
    i.IntToUnicode                           0x080010a0   Section        0  hw_config.o(i.IntToUnicode)
    IntToUnicode                             0x080010a1   Thumb Code    62  hw_config.o(i.IntToUnicode)
    i.Joystick_Send                          0x080010de   Section        0  hw_config.o(i.Joystick_Send)
    i.Leave_LowPowerMode                     0x080013c6   Section        0  hw_config.o(i.Leave_LowPowerMode)
    i.MemManage_Handler                      0x080013c8   Section        0  stm32f10x_it.o(i.MemManage_Handler)
    i.NMI_Handler                            0x080013cc   Section        0  stm32f10x_it.o(i.NMI_Handler)
    i.NOP_Process                            0x080013ce   Section        0  usb_core.o(i.NOP_Process)
    i.NVIC_Init                              0x080013d0   Section        0  misc.o(i.NVIC_Init)
    i.NVIC_PriorityGroupConfig               0x08001440   Section        0  misc.o(i.NVIC_PriorityGroupConfig)
    i.NoData_Setup0                          0x08001454   Section        0  usb_core.o(i.NoData_Setup0)
    NoData_Setup0                            0x08001455   Thumb Code   290  usb_core.o(i.NoData_Setup0)
    i.Out0_Process                           0x0800158c   Section        0  usb_core.o(i.Out0_Process)
    i.PMAToUserBufferCopy                    0x080015dc   Section        0  usb_mem.o(i.PMAToUserBufferCopy)
    i.PendSV_Handler                         0x08001604   Section        0  stm32f10x_it.o(i.PendSV_Handler)
    i.Post0_Process                          0x08001608   Section        0  usb_core.o(i.Post0_Process)
    i.PowerOn                                0x08001650   Section        0  usb_pwr.o(i.PowerOn)
    i.RCC_APB1PeriphClockCmd                 0x08001690   Section        0  stm32f10x_rcc.o(i.RCC_APB1PeriphClockCmd)
    i.RCC_APB2PeriphClockCmd                 0x080016b0   Section        0  stm32f10x_rcc.o(i.RCC_APB2PeriphClockCmd)
    i.RCC_GetClocksFreq                      0x080016d0   Section        0  stm32f10x_rcc.o(i.RCC_GetClocksFreq)
    i.RCC_USBCLKConfig                       0x080017a4   Section        0  stm32f10x_rcc.o(i.RCC_USBCLKConfig)
    i.Resume                                 0x080017b0   Section        0  usb_pwr.o(i.Resume)
    i.Resume_Init                            0x08001860   Section        0  usb_pwr.o(i.Resume_Init)
    i.SVC_Handler                            0x08001884   Section        0  stm32f10x_it.o(i.SVC_Handler)
    i.SetBTABLE                              0x08001888   Section        0  usb_regs.o(i.SetBTABLE)
    i.SetDeviceAddress                       0x08001898   Section        0  usb_core.o(i.SetDeviceAddress)
    i.SetEPRxAddr                            0x080018e8   Section        0  usb_regs.o(i.SetEPRxAddr)
    i.SetEPRxCount                           0x0800190c   Section        0  usb_regs.o(i.SetEPRxCount)
    i.SetEPRxStatus                          0x08001958   Section        0  usb_regs.o(i.SetEPRxStatus)
    i.SetEPRxValid                           0x08001998   Section        0  usb_regs.o(i.SetEPRxValid)
    i.SetEPTxAddr                            0x080019cc   Section        0  usb_regs.o(i.SetEPTxAddr)
    i.SetEPTxCount                           0x080019ec   Section        0  usb_regs.o(i.SetEPTxCount)
    i.SetEPTxStatus                          0x08001a08   Section        0  usb_regs.o(i.SetEPTxStatus)
    i.SetEPTxValid                           0x08001a48   Section        0  usb_regs.o(i.SetEPTxValid)
    i.SetEPType                              0x08001a7c   Section        0  usb_regs.o(i.SetEPType)
    i.SetSysClock                            0x08001aa0   Section        0  system_stm32f10x.o(i.SetSysClock)
    SetSysClock                              0x08001aa1   Thumb Code     8  system_stm32f10x.o(i.SetSysClock)
    i.SetSysClockTo72                        0x08001aa8   Section        0  system_stm32f10x.o(i.SetSysClockTo72)
    SetSysClockTo72                          0x08001aa9   Thumb Code   214  system_stm32f10x.o(i.SetSysClockTo72)
    i.Set_USBClock                           0x08001b88   Section        0  hw_config.o(i.Set_USBClock)
    i.Setup0_Process                         0x08001b9c   Section        0  usb_core.o(i.Setup0_Process)
    i.Standard_ClearFeature                  0x08001c54   Section        0  usb_core.o(i.Standard_ClearFeature)
    i.Standard_GetConfiguration              0x08001dc0   Section        0  usb_core.o(i.Standard_GetConfiguration)
    i.Standard_GetDescriptorData             0x08001dec   Section        0  usb_core.o(i.Standard_GetDescriptorData)
    i.Standard_GetInterface                  0x08001e10   Section        0  usb_core.o(i.Standard_GetInterface)
    i.Standard_GetStatus                     0x08001e3c   Section        0  usb_core.o(i.Standard_GetStatus)
    i.Standard_SetConfiguration              0x08001f3c   Section        0  usb_core.o(i.Standard_SetConfiguration)
    i.Standard_SetDeviceFeature              0x08001f84   Section        0  usb_core.o(i.Standard_SetDeviceFeature)
    i.Standard_SetEndPointFeature            0x08001fac   Section        0  usb_core.o(i.Standard_SetEndPointFeature)
    i.Standard_SetInterface                  0x0800207c   Section        0  usb_core.o(i.Standard_SetInterface)
    i.Suspend                                0x080020e8   Section        0  usb_pwr.o(i.Suspend)
    i.SysTick_CLKSourceConfig                0x08002110   Section        0  misc.o(i.SysTick_CLKSourceConfig)
    i.SysTick_Handler                        0x08002138   Section        0  stm32f10x_it.o(i.SysTick_Handler)
    i.SystemInit                             0x0800213c   Section        0  system_stm32f10x.o(i.SystemInit)
    i.USART1_IRQHandler                      0x0800219c   Section        0  uart.o(i.USART1_IRQHandler)
    i.USART_Cmd                              0x08002224   Section        0  stm32f10x_usart.o(i.USART_Cmd)
    i.USART_GetITStatus                      0x0800223c   Section        0  stm32f10x_usart.o(i.USART_GetITStatus)
    i.USART_ITConfig                         0x08002290   Section        0  stm32f10x_usart.o(i.USART_ITConfig)
    i.USART_Init                             0x080022dc   Section        0  stm32f10x_usart.o(i.USART_Init)
    i.USART_ReceiveData                      0x080023b4   Section        0  stm32f10x_usart.o(i.USART_ReceiveData)
    i.USBWakeUp_IRQHandler                   0x080023be   Section        0  stm32f10x_it.o(i.USBWakeUp_IRQHandler)
    i.USB_Cable_Config                       0x080023cc   Section        0  hw_config.o(i.USB_Cable_Config)
    i.USB_Init                               0x080023f0   Section        0  usb_init.o(i.USB_Init)
    i.USB_Interrupts_Config                  0x0800242c   Section        0  hw_config.o(i.USB_Interrupts_Config)
    i.USB_Istr                               0x08002458   Section        0  usb_istr.o(i.USB_Istr)
    i.USB_LP_CAN1_RX0_IRQHandler             0x08002550   Section        0  stm32f10x_it.o(i.USB_LP_CAN1_RX0_IRQHandler)
    i.USB_SIL_Init                           0x08002558   Section        0  usb_sil.o(i.USB_SIL_Init)
    i.UsageFault_Handler                     0x0800257c   Section        0  stm32f10x_it.o(i.UsageFault_Handler)
    i.UserToPMABufferCopy                    0x08002580   Section        0  usb_mem.o(i.UserToPMABufferCopy)
    i._sys_exit                              0x080025b8   Section        0  uart.o(i._sys_exit)
    i.delay_init                             0x080025bc   Section        0  delay.o(i.delay_init)
    i.delay_ms                               0x08002600   Section        0  delay.o(i.delay_ms)
    i.delay_us                               0x0800264c   Section        0  delay.o(i.delay_us)
    i.fputc                                  0x08002698   Section        0  uart.o(i.fputc)
    i.main                                   0x080026b4   Section        0  main.o(i.main)
    i.uart_init                              0x080026f4   Section        0  uart.o(i.uart_init)
    i.usb_print                              0x08002794   Section        0  usb_use.o(i.usb_print)
    i.usb_use_init                           0x0800280c   Section        0  usb_use.o(i.usb_use_init)
    .constdata                               0x0800281c   Section      233  usb_desc.o(.constdata)
    .data                                    0x20000000   Section       20  system_stm32f10x.o(.data)
    .data                                    0x20000014   Section       20  stm32f10x_rcc.o(.data)
    APBAHBPrescTable                         0x20000014   Data          16  stm32f10x_rcc.o(.data)
    ADCPrescTable                            0x20000024   Data           4  stm32f10x_rcc.o(.data)
    .data                                    0x20000028   Section        6  uart.o(.data)
    .data                                    0x2000002e   Section        4  delay.o(.data)
    fac_us                                   0x2000002e   Data           1  delay.o(.data)
    fac_ms                                   0x20000030   Data           2  delay.o(.data)
    .data                                    0x20000032   Section        3  usb_core.o(.data)
    .data                                    0x20000038   Section       20  usb_init.o(.data)
    .data                                    0x2000004c   Section        4  usb_int.o(.data)
    .data                                    0x20000050   Section       26  usb_desc.o(.data)
    .data                                    0x2000006c   Section       60  usb_istr.o(.data)
    .data                                    0x200000a8   Section      172  usb_prop.o(.data)
    .data                                    0x20000154   Section        7  usb_pwr.o(.data)
    .data                                    0x2000015b   Section        1  usb_endp.o(.data)
    .data                                    0x2000015c   Section        4  strtok.o(.data)
    _strtok_saves1                           0x2000015c   Data           4  strtok.o(.data)
    .bss                                     0x20000160   Section      200  uart.o(.bss)
    .bss                                     0x20000228   Section       28  usb_init.o(.bss)
    .bss                                     0x20000244   Section      128  usb_endp.o(.bss)
    .bss                                     0x200002c4   Section       96  libspace.o(.bss)
    HEAP                                     0x20000328   Section      512  startup_stm32f10x_md.o(HEAP)
    Heap_Mem                                 0x20000328   Data         512  startup_stm32f10x_md.o(HEAP)
    STACK                                    0x20000528   Section     1024  startup_stm32f10x_md.o(STACK)
    Stack_Mem                                0x20000528   Data        1024  startup_stm32f10x_md.o(STACK)
    __initial_sp                             0x20000928   Data           0  startup_stm32f10x_md.o(STACK)

    Global Symbols

    Symbol Name                              Value     Ov Type        Size  Object(Section)

    BuildAttributes$$THM_ISAv4$P$D$K$B$S$PE$A:L22UL41UL21$X:L11$S22US41US21$IEEE1$IW$USESV6$~STKCKD$USESV7$~SHL$OSPACE$ROPI$EBA8$UX$STANDARDLIB$REQ8$PRES8$EABIv2 0x00000000   Number         0  anon$$obj.o ABSOLUTE
    __ARM_use_no_argv                        0x00000000   Number         0  main.o ABSOLUTE
    __ARM_exceptions_init                     - Undefined Weak Reference
    __alloca_initialize                       - Undefined Weak Reference
    __arm_preinit_                            - Undefined Weak Reference
    __cpp_initialize__aeabi_                  - Undefined Weak Reference
    __cxa_finalize                            - Undefined Weak Reference
    __rt_locale                               - Undefined Weak Reference
    __sigvec_lookup                           - Undefined Weak Reference
    _atexit_init                              - Undefined Weak Reference
    _call_atexit_fns                          - Undefined Weak Reference
    _clock_init                               - Undefined Weak Reference
    _fp_trap_init                             - Undefined Weak Reference
    _fp_trap_shutdown                         - Undefined Weak Reference
    _get_lc_collate                           - Undefined Weak Reference
    _get_lc_ctype                             - Undefined Weak Reference
    _get_lc_monetary                          - Undefined Weak Reference
    _get_lc_numeric                           - Undefined Weak Reference
    _get_lc_time                              - Undefined Weak Reference
    _getenv_init                              - Undefined Weak Reference
    _handle_redirection                       - Undefined Weak Reference
    _init_alloc                               - Undefined Weak Reference
    _init_user_alloc                          - Undefined Weak Reference
    _initio                                   - Undefined Weak Reference
    _mutex_acquire                            - Undefined Weak Reference
    _mutex_release                            - Undefined Weak Reference
    _printf_post_padding                      - Undefined Weak Reference
    _printf_pre_padding                       - Undefined Weak Reference
    _printf_truncate_signed                   - Undefined Weak Reference
    _printf_truncate_unsigned                 - Undefined Weak Reference
    _rand_init                                - Undefined Weak Reference
    _signal_finish                            - Undefined Weak Reference
    _signal_init                              - Undefined Weak Reference
    _terminate_alloc                          - Undefined Weak Reference
    _terminate_user_alloc                     - Undefined Weak Reference
    _terminateio                              - Undefined Weak Reference
    __Vectors_Size                           0x000000ec   Number         0  startup_stm32f10x_md.o ABSOLUTE
    __Vectors                                0x08000000   Data           4  startup_stm32f10x_md.o(RESET)
    __Vectors_End                            0x080000ec   Data           0  startup_stm32f10x_md.o(RESET)
    __main                                   0x080000ed   Thumb Code     8  __main.o(!!!main)
    __scatterload                            0x080000f5   Thumb Code     0  __scatter.o(!!!scatter)
    __scatterload_rt2                        0x080000f5   Thumb Code    44  __scatter.o(!!!scatter)
    __scatterload_rt2_thumb_only             0x080000f5   Thumb Code     0  __scatter.o(!!!scatter)
    __scatterload_null                       0x08000103   Thumb Code     0  __scatter.o(!!!scatter)
    __decompress                             0x08000129   Thumb Code    90  __dczerorl2.o(!!dczerorl2)
    __decompress1                            0x08000129   Thumb Code     0  __dczerorl2.o(!!dczerorl2)
    __scatterload_zeroinit                   0x08000185   Thumb Code    28  __scatter_zi.o(!!handler_zi)
    _printf_percent                          0x080001a1   Thumb Code     0  _printf_percent.o(.ARM.Collect$$_printf_percent$$00000000)
    _printf_percent_end                      0x080001a1   Thumb Code     0  _printf_percent_end.o(.ARM.Collect$$_printf_percent$$00000017)
    __rt_lib_init                            0x080001a5   Thumb Code     0  libinit.o(.ARM.Collect$$libinit$$00000000)
    __rt_lib_init_alloca_1                   0x080001a7   Thumb Code     0  libinit2.o(.ARM.Collect$$libinit$$0000002E)
    __rt_lib_init_argv_1                     0x080001a7   Thumb Code     0  libinit2.o(.ARM.Collect$$libinit$$0000002C)
    __rt_lib_init_atexit_1                   0x080001a7   Thumb Code     0  libinit2.o(.ARM.Collect$$libinit$$0000001B)
    __rt_lib_init_clock_1                    0x080001a7   Thumb Code     0  libinit2.o(.ARM.Collect$$libinit$$00000021)
    __rt_lib_init_cpp_1                      0x080001a7   Thumb Code     0  libinit2.o(.ARM.Collect$$libinit$$00000032)
    __rt_lib_init_exceptions_1               0x080001a7   Thumb Code     0  libinit2.o(.ARM.Collect$$libinit$$00000030)
    __rt_lib_init_fp_1                       0x080001a7   Thumb Code     0  libinit2.o(.ARM.Collect$$libinit$$00000002)
    __rt_lib_init_fp_trap_1                  0x080001a7   Thumb Code     0  libinit2.o(.ARM.Collect$$libinit$$0000001F)
    __rt_lib_init_getenv_1                   0x080001a7   Thumb Code     0  libinit2.o(.ARM.Collect$$libinit$$00000023)
    __rt_lib_init_heap_1                     0x080001a7   Thumb Code     0  libinit2.o(.ARM.Collect$$libinit$$0000000A)
    __rt_lib_init_lc_collate_1               0x080001a7   Thumb Code     0  libinit2.o(.ARM.Collect$$libinit$$00000011)
    __rt_lib_init_lc_ctype_1                 0x080001a7   Thumb Code     0  libinit2.o(.ARM.Collect$$libinit$$00000013)
    __rt_lib_init_lc_monetary_1              0x080001a7   Thumb Code     0  libinit2.o(.ARM.Collect$$libinit$$00000015)
    __rt_lib_init_lc_numeric_1               0x080001a7   Thumb Code     0  libinit2.o(.ARM.Collect$$libinit$$00000017)
    __rt_lib_init_lc_time_1                  0x080001a7   Thumb Code     0  libinit2.o(.ARM.Collect$$libinit$$00000019)
    __rt_lib_init_preinit_1                  0x080001a7   Thumb Code     0  libinit2.o(.ARM.Collect$$libinit$$00000004)
    __rt_lib_init_rand_1                     0x080001a7   Thumb Code     0  libinit2.o(.ARM.Collect$$libinit$$0000000E)
    __rt_lib_init_return                     0x080001a7   Thumb Code     0  libinit2.o(.ARM.Collect$$libinit$$00000033)
    __rt_lib_init_signal_1                   0x080001a7   Thumb Code     0  libinit2.o(.ARM.Collect$$libinit$$0000001D)
    __rt_lib_init_stdio_1                    0x080001a7   Thumb Code     0  libinit2.o(.ARM.Collect$$libinit$$00000025)
    __rt_lib_init_user_alloc_1               0x080001a7   Thumb Code     0  libinit2.o(.ARM.Collect$$libinit$$0000000C)
    __rt_lib_shutdown                        0x080001a9   Thumb Code     0  libshutdown.o(.ARM.Collect$$libshutdown$$00000000)
    __rt_lib_shutdown_cpp_1                  0x080001ab   Thumb Code     0  libshutdown2.o(.ARM.Collect$$libshutdown$$00000002)
    __rt_lib_shutdown_fp_trap_1              0x080001ab   Thumb Code     0  libshutdown2.o(.ARM.Collect$$libshutdown$$00000007)
    __rt_lib_shutdown_heap_1                 0x080001ab   Thumb Code     0  libshutdown2.o(.ARM.Collect$$libshutdown$$0000000F)
    __rt_lib_shutdown_return                 0x080001ab   Thumb Code     0  libshutdown2.o(.ARM.Collect$$libshutdown$$00000010)
    __rt_lib_shutdown_signal_1               0x080001ab   Thumb Code     0  libshutdown2.o(.ARM.Collect$$libshutdown$$0000000A)
    __rt_lib_shutdown_stdio_1                0x080001ab   Thumb Code     0  libshutdown2.o(.ARM.Collect$$libshutdown$$00000004)
    __rt_lib_shutdown_user_alloc_1           0x080001ab   Thumb Code     0  libshutdown2.o(.ARM.Collect$$libshutdown$$0000000C)
    __rt_entry                               0x080001ad   Thumb Code     0  __rtentry.o(.ARM.Collect$$rtentry$$00000000)
    __rt_entry_presh_1                       0x080001ad   Thumb Code     0  __rtentry2.o(.ARM.Collect$$rtentry$$00000002)
    __rt_entry_sh                            0x080001ad   Thumb Code     0  __rtentry4.o(.ARM.Collect$$rtentry$$00000004)
    __rt_entry_li                            0x080001b3   Thumb Code     0  __rtentry2.o(.ARM.Collect$$rtentry$$0000000A)
    __rt_entry_postsh_1                      0x080001b3   Thumb Code     0  __rtentry2.o(.ARM.Collect$$rtentry$$00000009)
    __rt_entry_main                          0x080001b7   Thumb Code     0  __rtentry2.o(.ARM.Collect$$rtentry$$0000000D)
    __rt_entry_postli_1                      0x080001b7   Thumb Code     0  __rtentry2.o(.ARM.Collect$$rtentry$$0000000C)
    __rt_exit                                0x080001bf   Thumb Code     0  rtexit.o(.ARM.Collect$$rtexit$$00000000)
    __rt_exit_ls                             0x080001c1   Thumb Code     0  rtexit2.o(.ARM.Collect$$rtexit$$00000003)
    __rt_exit_prels_1                        0x080001c1   Thumb Code     0  rtexit2.o(.ARM.Collect$$rtexit$$00000002)
    __rt_exit_exit                           0x080001c5   Thumb Code     0  rtexit2.o(.ARM.Collect$$rtexit$$00000004)
    Reset_Handler                            0x080001cd   Thumb Code     8  startup_stm32f10x_md.o(.text)
    ADC1_2_IRQHandler                        0x080001e7   Thumb Code     0  startup_stm32f10x_md.o(.text)
    CAN1_RX1_IRQHandler                      0x080001e7   Thumb Code     0  startup_stm32f10x_md.o(.text)
    CAN1_SCE_IRQHandler                      0x080001e7   Thumb Code     0  startup_stm32f10x_md.o(.text)
    DMA1_Channel1_IRQHandler                 0x080001e7   Thumb Code     0  startup_stm32f10x_md.o(.text)
    DMA1_Channel2_IRQHandler                 0x080001e7   Thumb Code     0  startup_stm32f10x_md.o(.text)
    DMA1_Channel3_IRQHandler                 0x080001e7   Thumb Code     0  startup_stm32f10x_md.o(.text)
    DMA1_Channel4_IRQHandler                 0x080001e7   Thumb Code     0  startup_stm32f10x_md.o(.text)
    DMA1_Channel5_IRQHandler                 0x080001e7   Thumb Code     0  startup_stm32f10x_md.o(.text)
    DMA1_Channel6_IRQHandler                 0x080001e7   Thumb Code     0  startup_stm32f10x_md.o(.text)
    DMA1_Channel7_IRQHandler                 0x080001e7   Thumb Code     0  startup_stm32f10x_md.o(.text)
    EXTI0_IRQHandler                         0x080001e7   Thumb Code     0  startup_stm32f10x_md.o(.text)
    EXTI15_10_IRQHandler                     0x080001e7   Thumb Code     0  startup_stm32f10x_md.o(.text)
    EXTI1_IRQHandler                         0x080001e7   Thumb Code     0  startup_stm32f10x_md.o(.text)
    EXTI2_IRQHandler                         0x080001e7   Thumb Code     0  startup_stm32f10x_md.o(.text)
    EXTI3_IRQHandler                         0x080001e7   Thumb Code     0  startup_stm32f10x_md.o(.text)
    EXTI4_IRQHandler                         0x080001e7   Thumb Code     0  startup_stm32f10x_md.o(.text)
    EXTI9_5_IRQHandler                       0x080001e7   Thumb Code     0  startup_stm32f10x_md.o(.text)
    FLASH_IRQHandler                         0x080001e7   Thumb Code     0  startup_stm32f10x_md.o(.text)
    I2C1_ER_IRQHandler                       0x080001e7   Thumb Code     0  startup_stm32f10x_md.o(.text)
    I2C1_EV_IRQHandler                       0x080001e7   Thumb Code     0  startup_stm32f10x_md.o(.text)
    I2C2_ER_IRQHandler                       0x080001e7   Thumb Code     0  startup_stm32f10x_md.o(.text)
    I2C2_EV_IRQHandler                       0x080001e7   Thumb Code     0  startup_stm32f10x_md.o(.text)
    PVD_IRQHandler                           0x080001e7   Thumb Code     0  startup_stm32f10x_md.o(.text)
    RCC_IRQHandler                           0x080001e7   Thumb Code     0  startup_stm32f10x_md.o(.text)
    RTCAlarm_IRQHandler                      0x080001e7   Thumb Code     0  startup_stm32f10x_md.o(.text)
    RTC_IRQHandler                           0x080001e7   Thumb Code     0  startup_stm32f10x_md.o(.text)
    SPI1_IRQHandler                          0x080001e7   Thumb Code     0  startup_stm32f10x_md.o(.text)
    SPI2_IRQHandler                          0x080001e7   Thumb Code     0  startup_stm32f10x_md.o(.text)
    TAMPER_IRQHandler                        0x080001e7   Thumb Code     0  startup_stm32f10x_md.o(.text)
    TIM1_BRK_IRQHandler                      0x080001e7   Thumb Code     0  startup_stm32f10x_md.o(.text)
    TIM1_CC_IRQHandler                       0x080001e7   Thumb Code     0  startup_stm32f10x_md.o(.text)
    TIM1_TRG_COM_IRQHandler                  0x080001e7   Thumb Code     0  startup_stm32f10x_md.o(.text)
    TIM1_UP_IRQHandler                       0x080001e7   Thumb Code     0  startup_stm32f10x_md.o(.text)
    TIM2_IRQHandler                          0x080001e7   Thumb Code     0  startup_stm32f10x_md.o(.text)
    TIM3_IRQHandler                          0x080001e7   Thumb Code     0  startup_stm32f10x_md.o(.text)
    TIM4_IRQHandler                          0x080001e7   Thumb Code     0  startup_stm32f10x_md.o(.text)
    USART2_IRQHandler                        0x080001e7   Thumb Code     0  startup_stm32f10x_md.o(.text)
    USART3_IRQHandler                        0x080001e7   Thumb Code     0  startup_stm32f10x_md.o(.text)
    USB_HP_CAN1_TX_IRQHandler                0x080001e7   Thumb Code     0  startup_stm32f10x_md.o(.text)
    WWDG_IRQHandler                          0x080001e7   Thumb Code     0  startup_stm32f10x_md.o(.text)
    __user_initial_stackheap                 0x080001e9   Thumb Code     0  startup_stm32f10x_md.o(.text)
    __use_no_semihosting                     0x0800020d   Thumb Code     2  use_no_semi_2.o(.text)
    __2printf                                0x08000211   Thumb Code    20  noretval__2printf.o(.text)
    __printf                                 0x08000229   Thumb Code   104  __printf.o(.text)
    strtok                                   0x08000291   Thumb Code     6  strtok.o(.text)
    __use_two_region_memory                  0x0800029d   Thumb Code     2  heapauxi.o(.text)
    __rt_heap_escrow$2region                 0x0800029f   Thumb Code     2  heapauxi.o(.text)
    __rt_heap_expand$2region                 0x080002a1   Thumb Code     2  heapauxi.o(.text)
    __I$use$semihosting                      0x080002a3   Thumb Code     0  use_no_semi.o(.text)
    __use_no_semihosting_swi                 0x080002a3   Thumb Code     2  use_no_semi.o(.text)
    _printf_char_common                      0x080002af   Thumb Code    32  _printf_char_common.o(.text)
    _printf_char_file                        0x080002d5   Thumb Code    32  _printf_char_file.o(.text)
    __strtok_internal                        0x080002f9   Thumb Code    64  strtok_int.o(.text)
    ferror                                   0x0800033d   Thumb Code     8  ferror.o(.text)
    strcspn                                  0x08000345   Thumb Code    32  strcspn.o(.text)
    strspn                                   0x08000365   Thumb Code    28  strspn.o(.text)
    __user_setup_stackheap                   0x08000381   Thumb Code    74  sys_stackheap_outer.o(.text)
    exit                                     0x080003cb   Thumb Code    18  exit.o(.text)
    __user_libspace                          0x080003dd   Thumb Code     8  libspace.o(.text)
    __user_perproc_libspace                  0x080003dd   Thumb Code     0  libspace.o(.text)
    __user_perthread_libspace                0x080003dd   Thumb Code     0  libspace.o(.text)
    BusFault_Handler                         0x080003e5   Thumb Code     4  stm32f10x_it.o(i.BusFault_Handler)
    ByteSwap                                 0x080003e9   Thumb Code    12  usb_regs.o(i.ByteSwap)
    CTR_LP                                   0x080003f5   Thumb Code   616  usb_int.o(i.CTR_LP)
    ClearDTOG_RX                             0x0800067d   Thumb Code    48  usb_regs.o(i.ClearDTOG_RX)
    ClearDTOG_TX                             0x080006b1   Thumb Code    48  usb_regs.o(i.ClearDTOG_TX)
    Clear_Status_Out                         0x080006e5   Thumb Code    34  usb_regs.o(i.Clear_Status_Out)
    CustomHID_Data_Setup                     0x0800070d   Thumb Code   134  usb_prop.o(i.CustomHID_Data_Setup)
    CustomHID_GetConfigDescriptor            0x080007ad   Thumb Code    14  usb_prop.o(i.CustomHID_GetConfigDescriptor)
    CustomHID_GetDeviceDescriptor            0x080007c1   Thumb Code    14  usb_prop.o(i.CustomHID_GetDeviceDescriptor)
    CustomHID_GetHIDDescriptor               0x080007d5   Thumb Code    14  usb_prop.o(i.CustomHID_GetHIDDescriptor)
    CustomHID_GetHIDKeyBoardDescriptor       0x080007e9   Thumb Code    14  usb_prop.o(i.CustomHID_GetHIDKeyBoardDescriptor)
    CustomHID_GetKeyBoardReportDescriptor    0x080007fd   Thumb Code    14  usb_prop.o(i.CustomHID_GetKeyBoardReportDescriptor)
    CustomHID_GetProtocolValue               0x08000811   Thumb Code    20  usb_prop.o(i.CustomHID_GetProtocolValue)
    CustomHID_GetReportDescriptor            0x0800082d   Thumb Code    14  usb_prop.o(i.CustomHID_GetReportDescriptor)
    CustomHID_GetStringDescriptor            0x08000841   Thumb Code    32  usb_prop.o(i.CustomHID_GetStringDescriptor)
    CustomHID_Get_Interface_Setting          0x08000869   Thumb Code    22  usb_prop.o(i.CustomHID_Get_Interface_Setting)
    CustomHID_NoData_Setup                   0x08000881   Thumb Code    32  usb_prop.o(i.CustomHID_NoData_Setup)
    CustomHID_Reset                          0x080008a5   Thumb Code   218  usb_prop.o(i.CustomHID_Reset)
    CustomHID_SetConfiguration               0x08000991   Thumb Code    14  usb_prop.o(i.CustomHID_SetConfiguration)
    CustomHID_SetDeviceAddress               0x080009a9   Thumb Code     8  usb_prop.o(i.CustomHID_SetDeviceAddress)
    CustomHID_SetProtocol                    0x080009b5   Thumb Code    14  usb_prop.o(i.CustomHID_SetProtocol)
    CustomHID_Status_In                      0x080009cd   Thumb Code     2  usb_prop.o(i.CustomHID_Status_In)
    CustomHID_Status_Out                     0x080009cf   Thumb Code     2  usb_prop.o(i.CustomHID_Status_Out)
    CustomHID_init                           0x080009d1   Thumb Code    30  usb_prop.o(i.CustomHID_init)
    DebugMon_Handler                         0x08000e0d   Thumb Code     2  stm32f10x_it.o(i.DebugMon_Handler)
    EP1_IN_Callback                          0x08000e0f   Thumb Code     2  usb_endp.o(i.EP1_IN_Callback)
    EP1_OUT_Callback                         0x08000e11   Thumb Code    30  usb_endp.o(i.EP1_OUT_Callback)
    EP2_IN_Callback                          0x08000e39   Thumb Code     2  usb_endp.o(i.EP2_IN_Callback)
    EXTI_ClearITPendingBit                   0x08000e3d   Thumb Code     6  stm32f10x_exti.o(i.EXTI_ClearITPendingBit)
    Enter_LowPowerMode                       0x08000e49   Thumb Code     2  hw_config.o(i.Enter_LowPowerMode)
    GPIO_Init                                0x08000e4b   Thumb Code   278  stm32f10x_gpio.o(i.GPIO_Init)
    GPIO_ResetBits                           0x08000f61   Thumb Code     4  stm32f10x_gpio.o(i.GPIO_ResetBits)
    GPIO_SetBits                             0x08000f65   Thumb Code     4  stm32f10x_gpio.o(i.GPIO_SetBits)
    GetEPRxAddr                              0x08000f69   Thumb Code    24  usb_regs.o(i.GetEPRxAddr)
    GetEPTxAddr                              0x08000f89   Thumb Code    22  usb_regs.o(i.GetEPTxAddr)
    Get_SerialNum                            0x08000fa9   Thumb Code    42  hw_config.o(i.Get_SerialNum)
    HardFault_Handler                        0x08000fdd   Thumb Code     4  stm32f10x_it.o(i.HardFault_Handler)
    In0_Process                              0x08000fe1   Thumb Code    98  usb_core.o(i.In0_Process)
    InitDriver                               0x08001051   Thumb Code    32  main.o(i.InitDriver)
    Joystick_Send                            0x080010df   Thumb Code   744  hw_config.o(i.Joystick_Send)
    Leave_LowPowerMode                       0x080013c7   Thumb Code     2  hw_config.o(i.Leave_LowPowerMode)
    MemManage_Handler                        0x080013c9   Thumb Code     4  stm32f10x_it.o(i.MemManage_Handler)
    NMI_Handler                              0x080013cd   Thumb Code     2  stm32f10x_it.o(i.NMI_Handler)
    NOP_Process                              0x080013cf   Thumb Code     2  usb_core.o(i.NOP_Process)
    NVIC_Init                                0x080013d1   Thumb Code   100  misc.o(i.NVIC_Init)
    NVIC_PriorityGroupConfig                 0x08001441   Thumb Code    10  misc.o(i.NVIC_PriorityGroupConfig)
    Out0_Process                             0x0800158d   Thumb Code    70  usb_core.o(i.Out0_Process)
    PMAToUserBufferCopy                      0x080015dd   Thumb Code    34  usb_mem.o(i.PMAToUserBufferCopy)
    PendSV_Handler                           0x08001605   Thumb Code     2  stm32f10x_it.o(i.PendSV_Handler)
    Post0_Process                            0x08001609   Thumb Code    54  usb_core.o(i.Post0_Process)
    PowerOn                                  0x08001651   Thumb Code    54  usb_pwr.o(i.PowerOn)
    RCC_APB1PeriphClockCmd                   0x08001691   Thumb Code    26  stm32f10x_rcc.o(i.RCC_APB1PeriphClockCmd)
    RCC_APB2PeriphClockCmd                   0x080016b1   Thumb Code    26  stm32f10x_rcc.o(i.RCC_APB2PeriphClockCmd)
    RCC_GetClocksFreq                        0x080016d1   Thumb Code   192  stm32f10x_rcc.o(i.RCC_GetClocksFreq)
    RCC_USBCLKConfig                         0x080017a5   Thumb Code     6  stm32f10x_rcc.o(i.RCC_USBCLKConfig)
    Resume                                   0x080017b1   Thumb Code   168  usb_pwr.o(i.Resume)
    Resume_Init                              0x08001861   Thumb Code    30  usb_pwr.o(i.Resume_Init)
    SVC_Handler                              0x08001885   Thumb Code     2  stm32f10x_it.o(i.SVC_Handler)
    SetBTABLE                                0x08001889   Thumb Code    12  usb_regs.o(i.SetBTABLE)
    SetDeviceAddress                         0x08001899   Thumb Code    68  usb_core.o(i.SetDeviceAddress)
    SetEPRxAddr                              0x080018e9   Thumb Code    26  usb_regs.o(i.SetEPRxAddr)
    SetEPRxCount                             0x0800190d   Thumb Code    68  usb_regs.o(i.SetEPRxCount)
    SetEPRxStatus                            0x08001959   Thumb Code    60  usb_regs.o(i.SetEPRxStatus)
    SetEPRxValid                             0x08001999   Thumb Code    48  usb_regs.o(i.SetEPRxValid)
    SetEPTxAddr                              0x080019cd   Thumb Code    24  usb_regs.o(i.SetEPTxAddr)
    SetEPTxCount                             0x080019ed   Thumb Code    20  usb_regs.o(i.SetEPTxCount)
    SetEPTxStatus                            0x08001a09   Thumb Code    60  usb_regs.o(i.SetEPTxStatus)
    SetEPTxValid                             0x08001a49   Thumb Code    48  usb_regs.o(i.SetEPTxValid)
    SetEPType                                0x08001a7d   Thumb Code    32  usb_regs.o(i.SetEPType)
    Set_USBClock                             0x08001b89   Thumb Code    18  hw_config.o(i.Set_USBClock)
    Setup0_Process                           0x08001b9d   Thumb Code   170  usb_core.o(i.Setup0_Process)
    Standard_ClearFeature                    0x08001c55   Thumb Code   342  usb_core.o(i.Standard_ClearFeature)
    Standard_GetConfiguration                0x08001dc1   Thumb Code    34  usb_core.o(i.Standard_GetConfiguration)
    Standard_GetDescriptorData               0x08001ded   Thumb Code    32  usb_core.o(i.Standard_GetDescriptorData)
    Standard_GetInterface                    0x08001e11   Thumb Code    34  usb_core.o(i.Standard_GetInterface)
    Standard_GetStatus                       0x08001e3d   Thumb Code   238  usb_core.o(i.Standard_GetStatus)
    Standard_SetConfiguration                0x08001f3d   Thumb Code    60  usb_core.o(i.Standard_SetConfiguration)
    Standard_SetDeviceFeature                0x08001f85   Thumb Code    30  usb_core.o(i.Standard_SetDeviceFeature)
    Standard_SetEndPointFeature              0x08001fad   Thumb Code   192  usb_core.o(i.Standard_SetEndPointFeature)
    Standard_SetInterface                    0x0800207d   Thumb Code    96  usb_core.o(i.Standard_SetInterface)
    Suspend                                  0x080020e9   Thumb Code    34  usb_pwr.o(i.Suspend)
    SysTick_CLKSourceConfig                  0x08002111   Thumb Code    40  misc.o(i.SysTick_CLKSourceConfig)
    SysTick_Handler                          0x08002139   Thumb Code     2  stm32f10x_it.o(i.SysTick_Handler)
    SystemInit                               0x0800213d   Thumb Code    78  system_stm32f10x.o(i.SystemInit)
    USART1_IRQHandler                        0x0800219d   Thumb Code   122  uart.o(i.USART1_IRQHandler)
    USART_Cmd                                0x08002225   Thumb Code    24  stm32f10x_usart.o(i.USART_Cmd)
    USART_GetITStatus                        0x0800223d   Thumb Code    84  stm32f10x_usart.o(i.USART_GetITStatus)
    USART_ITConfig                           0x08002291   Thumb Code    74  stm32f10x_usart.o(i.USART_ITConfig)
    USART_Init                               0x080022dd   Thumb Code   210  stm32f10x_usart.o(i.USART_Init)
    USART_ReceiveData                        0x080023b5   Thumb Code    10  stm32f10x_usart.o(i.USART_ReceiveData)
    USBWakeUp_IRQHandler                     0x080023bf   Thumb Code    12  stm32f10x_it.o(i.USBWakeUp_IRQHandler)
    USB_Cable_Config                         0x080023cd   Thumb Code    30  hw_config.o(i.USB_Cable_Config)
    USB_Init                                 0x080023f1   Thumb Code    36  usb_init.o(i.USB_Init)
    USB_Interrupts_Config                    0x0800242d   Thumb Code    42  hw_config.o(i.USB_Interrupts_Config)
    USB_Istr                                 0x08002459   Thumb Code   222  usb_istr.o(i.USB_Istr)
    USB_LP_CAN1_RX0_IRQHandler               0x08002551   Thumb Code     8  stm32f10x_it.o(i.USB_LP_CAN1_RX0_IRQHandler)
    USB_SIL_Init                             0x08002559   Thumb Code    28  usb_sil.o(i.USB_SIL_Init)
    UsageFault_Handler                       0x0800257d   Thumb Code     4  stm32f10x_it.o(i.UsageFault_Handler)
    UserToPMABufferCopy                      0x08002581   Thumb Code    52  usb_mem.o(i.UserToPMABufferCopy)
    _sys_exit                                0x080025b9   Thumb Code     4  uart.o(i._sys_exit)
    delay_init                               0x080025bd   Thumb Code    50  delay.o(i.delay_init)
    delay_ms                                 0x08002601   Thumb Code    72  delay.o(i.delay_ms)
    delay_us                                 0x0800264d   Thumb Code    72  delay.o(i.delay_us)
    fputc                                    0x08002699   Thumb Code    24  uart.o(i.fputc)
    main                                     0x080026b5   Thumb Code    28  main.o(i.main)
    uart_init                                0x080026f5   Thumb Code   152  uart.o(i.uart_init)
    usb_print                                0x08002795   Thumb Code   116  usb_use.o(i.usb_print)
    usb_use_init                             0x0800280d   Thumb Code    16  usb_use.o(i.usb_use_init)
    CustomHID_DeviceDescriptor               0x0800281c   Data          18  usb_desc.o(.constdata)
    CustomHID_ConfigDescriptor               0x0800282e   Data          73  usb_desc.o(.constdata)
    CustomHID_ReportDescriptor               0x08002877   Data          33  usb_desc.o(.constdata)
    CustomHID_KeyBoardReportDescriptor       0x08002898   Data          61  usb_desc.o(.constdata)
    CustomHID_StringLangID                   0x080028d5   Data           4  usb_desc.o(.constdata)
    CustomHID_StringVendor                   0x080028d9   Data          20  usb_desc.o(.constdata)
    CustomHID_StringProduct                  0x080028ed   Data          24  usb_desc.o(.constdata)
    Region$$Table$$Base                      0x08002908   Number         0  anon$$obj.o(Region$$Table)
    Region$$Table$$Limit                     0x08002928   Number         0  anon$$obj.o(Region$$Table)
    SystemCoreClock                          0x20000000   Data           4  system_stm32f10x.o(.data)
    AHBPrescTable                            0x20000004   Data          16  system_stm32f10x.o(.data)
    __stdout                                 0x20000028   Data           4  uart.o(.data)
    USART_RX_STA                             0x2000002c   Data           2  uart.o(.data)
    StatusInfo                               0x20000032   Data           2  usb_core.o(.data)
    Data_Mul_MaxPacketSize                   0x20000034   Data           1  usb_core.o(.data)
    EPindex                                  0x20000038   Data           1  usb_init.o(.data)
    pInformation                             0x2000003c   Data           4  usb_init.o(.data)
    pProperty                                0x20000040   Data           4  usb_init.o(.data)
    SaveState                                0x20000044   Data           2  usb_init.o(.data)
    wInterrupt_Mask                          0x20000046   Data           2  usb_init.o(.data)
    pUser_Standard_Requests                  0x20000048   Data           4  usb_init.o(.data)
    SaveRState                               0x2000004c   Data           2  usb_int.o(.data)
    SaveTState                               0x2000004e   Data           2  usb_int.o(.data)
    CustomHID_StringSerial                   0x20000050   Data          26  usb_desc.o(.data)
    wIstr                                    0x2000006c   Data           2  usb_istr.o(.data)
    bIntPackSOF                              0x2000006e   Data           1  usb_istr.o(.data)
    pEpInt_IN                                0x20000070   Data          28  usb_istr.o(.data)
    pEpInt_OUT                               0x2000008c   Data          28  usb_istr.o(.data)
    ProtocolValue                            0x200000a8   Data           4  usb_prop.o(.data)
    Device_Table                             0x200000ac   Data           2  usb_prop.o(.data)
    Device_Property                          0x200000b0   Data          48  usb_prop.o(.data)
    User_Standard_Requests                   0x200000e0   Data          36  usb_prop.o(.data)
    Device_Descriptor                        0x20000104   Data           8  usb_prop.o(.data)
    Config_Descriptor                        0x2000010c   Data           8  usb_prop.o(.data)
    CustomHID_Report_Descriptor              0x20000114   Data           8  usb_prop.o(.data)
    CustomHID_KeyBorad_Report_Descriptor     0x2000011c   Data           8  usb_prop.o(.data)
    CustomHID_Descriptor                     0x20000124   Data           8  usb_prop.o(.data)
    CustomHID_KeyBorad_Descriptor            0x2000012c   Data           8  usb_prop.o(.data)
    String_Descriptor                        0x20000134   Data          32  usb_prop.o(.data)
    bDeviceState                             0x20000154   Data           4  usb_pwr.o(.data)
    fSuspendEnabled                          0x20000158   Data           1  usb_pwr.o(.data)
    ResumeS                                  0x20000159   Data           2  usb_pwr.o(.data)
    USB_Received_Flag                        0x2000015b   Data           1  usb_endp.o(.data)
    USART_RX_BUF                             0x20000160   Data         200  uart.o(.bss)
    Device_Info                              0x20000228   Data          28  usb_init.o(.bss)
    USB_Receive_Buffer                       0x20000244   Data          64  usb_endp.o(.bss)
    USB_Send_Buffer                          0x20000284   Data          64  usb_endp.o(.bss)
    __libspace_start                         0x200002c4   Data          96  libspace.o(.bss)
    __temporary_stack_top$libspace           0x20000324   Data           0  libspace.o(.bss)



==============================================================================

Memory Map of the image

  Image Entry point : 0x080000ed

  Load Region LR_IROM1 (Base: 0x08000000, Size: 0x00002a88, Max: 0x00020000, ABSOLUTE, COMPRESSED[0x000029c4])

    Execution Region ER_IROM1 (Base: 0x08000000, Size: 0x00002928, Max: 0x00020000, ABSOLUTE)

    Base Addr    Size         Type   Attr      Idx    E Section Name        Object

    0x08000000   0x000000ec   Data   RO          295    RESET               startup_stm32f10x_md.o
    0x080000ec   0x00000008   Code   RO         4464  * !!!main             c_w.l(__main.o)
    0x080000f4   0x00000034   Code   RO         4642    !!!scatter          c_w.l(__scatter.o)
    0x08000128   0x0000005a   Code   RO         4640    !!dczerorl2         c_w.l(__dczerorl2.o)
    0x08000182   0x00000002   PAD
    0x08000184   0x0000001c   Code   RO         4644    !!handler_zi        c_w.l(__scatter_zi.o)
    0x080001a0   0x00000000   Code   RO         4458    .ARM.Collect$$_printf_percent$$00000000  c_w.l(_printf_percent.o)
    0x080001a0   0x00000004   Code   RO         4477    .ARM.Collect$$_printf_percent$$00000017  c_w.l(_printf_percent_end.o)
    0x080001a4   0x00000002   Code   RO         4514    .ARM.Collect$$libinit$$00000000  c_w.l(libinit.o)
    0x080001a6   0x00000000   Code   RO         4521    .ARM.Collect$$libinit$$00000002  c_w.l(libinit2.o)
    0x080001a6   0x00000000   Code   RO         4523    .ARM.Collect$$libinit$$00000004  c_w.l(libinit2.o)
    0x080001a6   0x00000000   Code   RO         4526    .ARM.Collect$$libinit$$0000000A  c_w.l(libinit2.o)
    0x080001a6   0x00000000   Code   RO         4528    .ARM.Collect$$libinit$$0000000C  c_w.l(libinit2.o)
    0x080001a6   0x00000000   Code   RO         4530    .ARM.Collect$$libinit$$0000000E  c_w.l(libinit2.o)
    0x080001a6   0x00000000   Code   RO         4533    .ARM.Collect$$libinit$$00000011  c_w.l(libinit2.o)
    0x080001a6   0x00000000   Code   RO         4535    .ARM.Collect$$libinit$$00000013  c_w.l(libinit2.o)
    0x080001a6   0x00000000   Code   RO         4537    .ARM.Collect$$libinit$$00000015  c_w.l(libinit2.o)
    0x080001a6   0x00000000   Code   RO         4539    .ARM.Collect$$libinit$$00000017  c_w.l(libinit2.o)
    0x080001a6   0x00000000   Code   RO         4541    .ARM.Collect$$libinit$$00000019  c_w.l(libinit2.o)
    0x080001a6   0x00000000   Code   RO         4543    .ARM.Collect$$libinit$$0000001B  c_w.l(libinit2.o)
    0x080001a6   0x00000000   Code   RO         4545    .ARM.Collect$$libinit$$0000001D  c_w.l(libinit2.o)
    0x080001a6   0x00000000   Code   RO         4547    .ARM.Collect$$libinit$$0000001F  c_w.l(libinit2.o)
    0x080001a6   0x00000000   Code   RO         4549    .ARM.Collect$$libinit$$00000021  c_w.l(libinit2.o)
    0x080001a6   0x00000000   Code   RO         4551    .ARM.Collect$$libinit$$00000023  c_w.l(libinit2.o)
    0x080001a6   0x00000000   Code   RO         4553    .ARM.Collect$$libinit$$00000025  c_w.l(libinit2.o)
    0x080001a6   0x00000000   Code   RO         4557    .ARM.Collect$$libinit$$0000002C  c_w.l(libinit2.o)
    0x080001a6   0x00000000   Code   RO         4559    .ARM.Collect$$libinit$$0000002E  c_w.l(libinit2.o)
    0x080001a6   0x00000000   Code   RO         4561    .ARM.Collect$$libinit$$00000030  c_w.l(libinit2.o)
    0x080001a6   0x00000000   Code   RO         4563    .ARM.Collect$$libinit$$00000032  c_w.l(libinit2.o)
    0x080001a6   0x00000002   Code   RO         4564    .ARM.Collect$$libinit$$00000033  c_w.l(libinit2.o)
    0x080001a8   0x00000002   Code   RO         4582    .ARM.Collect$$libshutdown$$00000000  c_w.l(libshutdown.o)
    0x080001aa   0x00000000   Code   RO         4592    .ARM.Collect$$libshutdown$$00000002  c_w.l(libshutdown2.o)
    0x080001aa   0x00000000   Code   RO         4594    .ARM.Collect$$libshutdown$$00000004  c_w.l(libshutdown2.o)
    0x080001aa   0x00000000   Code   RO         4597    .ARM.Collect$$libshutdown$$00000007  c_w.l(libshutdown2.o)
    0x080001aa   0x00000000   Code   RO         4600    .ARM.Collect$$libshutdown$$0000000A  c_w.l(libshutdown2.o)
    0x080001aa   0x00000000   Code   RO         4602    .ARM.Collect$$libshutdown$$0000000C  c_w.l(libshutdown2.o)
    0x080001aa   0x00000000   Code   RO         4605    .ARM.Collect$$libshutdown$$0000000F  c_w.l(libshutdown2.o)
    0x080001aa   0x00000002   Code   RO         4606    .ARM.Collect$$libshutdown$$00000010  c_w.l(libshutdown2.o)
    0x080001ac   0x00000000   Code   RO         4468    .ARM.Collect$$rtentry$$00000000  c_w.l(__rtentry.o)
    0x080001ac   0x00000000   Code   RO         4481    .ARM.Collect$$rtentry$$00000002  c_w.l(__rtentry2.o)
    0x080001ac   0x00000006   Code   RO         4493    .ARM.Collect$$rtentry$$00000004  c_w.l(__rtentry4.o)
    0x080001b2   0x00000000   Code   RO         4483    .ARM.Collect$$rtentry$$00000009  c_w.l(__rtentry2.o)
    0x080001b2   0x00000004   Code   RO         4484    .ARM.Collect$$rtentry$$0000000A  c_w.l(__rtentry2.o)
    0x080001b6   0x00000000   Code   RO         4486    .ARM.Collect$$rtentry$$0000000C  c_w.l(__rtentry2.o)
    0x080001b6   0x00000008   Code   RO         4487    .ARM.Collect$$rtentry$$0000000D  c_w.l(__rtentry2.o)
    0x080001be   0x00000002   Code   RO         4518    .ARM.Collect$$rtexit$$00000000  c_w.l(rtexit.o)
    0x080001c0   0x00000000   Code   RO         4566    .ARM.Collect$$rtexit$$00000002  c_w.l(rtexit2.o)
    0x080001c0   0x00000004   Code   RO         4567    .ARM.Collect$$rtexit$$00000003  c_w.l(rtexit2.o)
    0x080001c4   0x00000006   Code   RO         4568    .ARM.Collect$$rtexit$$00000004  c_w.l(rtexit2.o)
    0x080001ca   0x00000002   PAD
    0x080001cc   0x00000040   Code   RO          296    .text               startup_stm32f10x_md.o
    0x0800020c   0x00000002   Code   RO         4423    .text               c_w.l(use_no_semi_2.o)
    0x0800020e   0x00000002   PAD
    0x08000210   0x00000018   Code   RO         4429    .text               c_w.l(noretval__2printf.o)
    0x08000228   0x00000068   Code   RO         4433    .text               c_w.l(__printf.o)
    0x08000290   0x0000000c   Code   RO         4459    .text               c_w.l(strtok.o)
    0x0800029c   0x00000006   Code   RO         4462    .text               c_w.l(heapauxi.o)
    0x080002a2   0x00000002   Code   RO         4466    .text               c_w.l(use_no_semi.o)
    0x080002a4   0x00000030   Code   RO         4471    .text               c_w.l(_printf_char_common.o)
    0x080002d4   0x00000024   Code   RO         4475    .text               c_w.l(_printf_char_file.o)
    0x080002f8   0x00000044   Code   RO         4478    .text               c_w.l(strtok_int.o)
    0x0800033c   0x00000008   Code   RO         4497    .text               c_w.l(ferror.o)
    0x08000344   0x00000020   Code   RO         4501    .text               c_w.l(strcspn.o)
    0x08000364   0x0000001c   Code   RO         4503    .text               c_w.l(strspn.o)
    0x08000380   0x0000004a   Code   RO         4505    .text               c_w.l(sys_stackheap_outer.o)
    0x080003ca   0x00000012   Code   RO         4507    .text               c_w.l(exit.o)
    0x080003dc   0x00000008   Code   RO         4515    .text               c_w.l(libspace.o)
    0x080003e4   0x00000004   Code   RO          212    i.BusFault_Handler  stm32f10x_it.o
    0x080003e8   0x0000000c   Code   RO         3651    i.ByteSwap          usb_regs.o
    0x080003f4   0x00000288   Code   RO         3604    i.CTR_LP            usb_int.o
    0x0800067c   0x00000034   Code   RO         3652    i.ClearDTOG_RX      usb_regs.o
    0x080006b0   0x00000034   Code   RO         3653    i.ClearDTOG_TX      usb_regs.o
    0x080006e4   0x00000028   Code   RO         3658    i.Clear_Status_Out  usb_regs.o
    0x0800070c   0x000000a0   Code   RO         4153    i.CustomHID_Data_Setup  usb_prop.o
    0x080007ac   0x00000014   Code   RO         4154    i.CustomHID_GetConfigDescriptor  usb_prop.o
    0x080007c0   0x00000014   Code   RO         4155    i.CustomHID_GetDeviceDescriptor  usb_prop.o
    0x080007d4   0x00000014   Code   RO         4156    i.CustomHID_GetHIDDescriptor  usb_prop.o
    0x080007e8   0x00000014   Code   RO         4157    i.CustomHID_GetHIDKeyBoardDescriptor  usb_prop.o
    0x080007fc   0x00000014   Code   RO         4158    i.CustomHID_GetKeyBoardReportDescriptor  usb_prop.o
    0x08000810   0x0000001c   Code   RO         4159    i.CustomHID_GetProtocolValue  usb_prop.o
    0x0800082c   0x00000014   Code   RO         4160    i.CustomHID_GetReportDescriptor  usb_prop.o
    0x08000840   0x00000028   Code   RO         4161    i.CustomHID_GetStringDescriptor  usb_prop.o
    0x08000868   0x00000016   Code   RO         4162    i.CustomHID_Get_Interface_Setting  usb_prop.o
    0x0800087e   0x00000002   PAD
    0x08000880   0x00000024   Code   RO         4163    i.CustomHID_NoData_Setup  usb_prop.o
    0x080008a4   0x000000ec   Code   RO         4164    i.CustomHID_Reset   usb_prop.o
    0x08000990   0x00000018   Code   RO         4165    i.CustomHID_SetConfiguration  usb_prop.o
    0x080009a8   0x0000000c   Code   RO         4166    i.CustomHID_SetDeviceAddress  usb_prop.o
    0x080009b4   0x00000018   Code   RO         4167    i.CustomHID_SetProtocol  usb_prop.o
    0x080009cc   0x00000002   Code   RO         4168    i.CustomHID_Status_In  usb_prop.o
    0x080009ce   0x00000002   Code   RO         4169    i.CustomHID_Status_Out  usb_prop.o
    0x080009d0   0x00000028   Code   RO         4170    i.CustomHID_init    usb_prop.o
    0x080009f8   0x000000c0   Code   RO         3458    i.DataStageIn       usb_core.o
    0x08000ab8   0x000000bc   Code   RO         3459    i.DataStageOut      usb_core.o
    0x08000b74   0x00000298   Code   RO         3460    i.Data_Setup0       usb_core.o
    0x08000e0c   0x00000002   Code   RO          213    i.DebugMon_Handler  stm32f10x_it.o
    0x08000e0e   0x00000002   Code   RO         4320    i.EP1_IN_Callback   usb_endp.o
    0x08000e10   0x00000028   Code   RO         4321    i.EP1_OUT_Callback  usb_endp.o
    0x08000e38   0x00000002   Code   RO         4322    i.EP2_IN_Callback   usb_endp.o
    0x08000e3a   0x00000002   PAD
    0x08000e3c   0x0000000c   Code   RO         1132    i.EXTI_ClearITPendingBit  stm32f10x_exti.o
    0x08000e48   0x00000002   Code   RO         4035    i.Enter_LowPowerMode  hw_config.o
    0x08000e4a   0x00000116   Code   RO         1485    i.GPIO_Init         stm32f10x_gpio.o
    0x08000f60   0x00000004   Code   RO         1492    i.GPIO_ResetBits    stm32f10x_gpio.o
    0x08000f64   0x00000004   Code   RO         1493    i.GPIO_SetBits      stm32f10x_gpio.o
    0x08000f68   0x00000020   Code   RO         3670    i.GetEPRxAddr       usb_regs.o
    0x08000f88   0x00000020   Code   RO         3673    i.GetEPTxAddr       usb_regs.o
    0x08000fa8   0x00000034   Code   RO         4037    i.Get_SerialNum     hw_config.o
    0x08000fdc   0x00000004   Code   RO          214    i.HardFault_Handler  stm32f10x_it.o
    0x08000fe0   0x00000070   Code   RO         3461    i.In0_Process       usb_core.o
    0x08001050   0x00000050   Code   RO            1    i.InitDriver        main.o
    0x080010a0   0x0000003e   Code   RO         4038    i.IntToUnicode      hw_config.o
    0x080010de   0x000002e8   Code   RO         4039    i.Joystick_Send     hw_config.o
    0x080013c6   0x00000002   Code   RO         4040    i.Leave_LowPowerMode  hw_config.o
    0x080013c8   0x00000004   Code   RO          215    i.MemManage_Handler  stm32f10x_it.o
    0x080013cc   0x00000002   Code   RO          216    i.NMI_Handler       stm32f10x_it.o
    0x080013ce   0x00000002   Code   RO         3462    i.NOP_Process       usb_core.o
    0x080013d0   0x00000070   Code   RO          334    i.NVIC_Init         misc.o
    0x08001440   0x00000014   Code   RO          335    i.NVIC_PriorityGroupConfig  misc.o
    0x08001454   0x00000138   Code   RO         3463    i.NoData_Setup0     usb_core.o
    0x0800158c   0x00000050   Code   RO         3464    i.Out0_Process      usb_core.o
    0x080015dc   0x00000028   Code   RO         3633    i.PMAToUserBufferCopy  usb_mem.o
    0x08001604   0x00000002   Code   RO          217    i.PendSV_Handler    stm32f10x_it.o
    0x08001606   0x00000002   PAD
    0x08001608   0x00000048   Code   RO         3465    i.Post0_Process     usb_core.o
    0x08001650   0x00000040   Code   RO         4279    i.PowerOn           usb_pwr.o
    0x08001690   0x00000020   Code   RO         1901    i.RCC_APB1PeriphClockCmd  stm32f10x_rcc.o
    0x080016b0   0x00000020   Code   RO         1903    i.RCC_APB2PeriphClockCmd  stm32f10x_rcc.o
    0x080016d0   0x000000d4   Code   RO         1911    i.RCC_GetClocksFreq  stm32f10x_rcc.o
    0x080017a4   0x0000000c   Code   RO         1929    i.RCC_USBCLKConfig  stm32f10x_rcc.o
    0x080017b0   0x000000b0   Code   RO         4280    i.Resume            usb_pwr.o
    0x08001860   0x00000024   Code   RO         4281    i.Resume_Init       usb_pwr.o
    0x08001884   0x00000002   Code   RO          218    i.SVC_Handler       stm32f10x_it.o
    0x08001886   0x00000002   PAD
    0x08001888   0x00000010   Code   RO         3681    i.SetBTABLE         usb_regs.o
    0x08001898   0x00000050   Code   RO         3466    i.SetDeviceAddress  usb_core.o
    0x080018e8   0x00000024   Code   RO         3695    i.SetEPRxAddr       usb_regs.o
    0x0800190c   0x0000004c   Code   RO         3696    i.SetEPRxCount      usb_regs.o
    0x08001958   0x00000040   Code   RO         3697    i.SetEPRxStatus     usb_regs.o
    0x08001998   0x00000034   Code   RO         3698    i.SetEPRxValid      usb_regs.o
    0x080019cc   0x00000020   Code   RO         3699    i.SetEPTxAddr       usb_regs.o
    0x080019ec   0x0000001c   Code   RO         3700    i.SetEPTxCount      usb_regs.o
    0x08001a08   0x00000040   Code   RO         3701    i.SetEPTxStatus     usb_regs.o
    0x08001a48   0x00000034   Code   RO         3702    i.SetEPTxValid      usb_regs.o
    0x08001a7c   0x00000024   Code   RO         3703    i.SetEPType         usb_regs.o
    0x08001aa0   0x00000008   Code   RO          300    i.SetSysClock       system_stm32f10x.o
    0x08001aa8   0x000000e0   Code   RO          301    i.SetSysClockTo72   system_stm32f10x.o
    0x08001b88   0x00000012   Code   RO         4042    i.Set_USBClock      hw_config.o
    0x08001b9a   0x00000002   PAD
    0x08001b9c   0x000000b8   Code   RO         3467    i.Setup0_Process    usb_core.o
    0x08001c54   0x0000016c   Code   RO         3468    i.Standard_ClearFeature  usb_core.o
    0x08001dc0   0x0000002c   Code   RO         3469    i.Standard_GetConfiguration  usb_core.o
    0x08001dec   0x00000024   Code   RO         3470    i.Standard_GetDescriptorData  usb_core.o
    0x08001e10   0x0000002c   Code   RO         3471    i.Standard_GetInterface  usb_core.o
    0x08001e3c   0x00000100   Code   RO         3472    i.Standard_GetStatus  usb_core.o
    0x08001f3c   0x00000048   Code   RO         3473    i.Standard_SetConfiguration  usb_core.o
    0x08001f84   0x00000028   Code   RO         3474    i.Standard_SetDeviceFeature  usb_core.o
    0x08001fac   0x000000d0   Code   RO         3475    i.Standard_SetEndPointFeature  usb_core.o
    0x0800207c   0x0000006c   Code   RO         3476    i.Standard_SetInterface  usb_core.o
    0x080020e8   0x00000028   Code   RO         4282    i.Suspend           usb_pwr.o
    0x08002110   0x00000028   Code   RO          338    i.SysTick_CLKSourceConfig  misc.o
    0x08002138   0x00000002   Code   RO          219    i.SysTick_Handler   stm32f10x_it.o
    0x0800213a   0x00000002   PAD
    0x0800213c   0x00000060   Code   RO          303    i.SystemInit        system_stm32f10x.o
    0x0800219c   0x00000088   Code   RO         3391    i.USART1_IRQHandler  uart.o
    0x08002224   0x00000018   Code   RO         3071    i.USART_Cmd         stm32f10x_usart.o
    0x0800223c   0x00000054   Code   RO         3075    i.USART_GetITStatus  stm32f10x_usart.o
    0x08002290   0x0000004a   Code   RO         3077    i.USART_ITConfig    stm32f10x_usart.o
    0x080022da   0x00000002   PAD
    0x080022dc   0x000000d8   Code   RO         3078    i.USART_Init        stm32f10x_usart.o
    0x080023b4   0x0000000a   Code   RO         3085    i.USART_ReceiveData  stm32f10x_usart.o
    0x080023be   0x0000000c   Code   RO          220    i.USBWakeUp_IRQHandler  stm32f10x_it.o
    0x080023ca   0x00000002   PAD
    0x080023cc   0x00000024   Code   RO         4043    i.USB_Cable_Config  hw_config.o
    0x080023f0   0x0000003c   Code   RO         3580    i.USB_Init          usb_init.o
    0x0800242c   0x0000002a   Code   RO         4045    i.USB_Interrupts_Config  hw_config.o
    0x08002456   0x00000002   PAD
    0x08002458   0x000000f8   Code   RO         4129    i.USB_Istr          usb_istr.o
    0x08002550   0x00000008   Code   RO          222    i.USB_LP_CAN1_RX0_IRQHandler  stm32f10x_it.o
    0x08002558   0x00000024   Code   RO         4011    i.USB_SIL_Init      usb_sil.o
    0x0800257c   0x00000004   Code   RO          223    i.UsageFault_Handler  stm32f10x_it.o
    0x08002580   0x00000038   Code   RO         3634    i.UserToPMABufferCopy  usb_mem.o
    0x080025b8   0x00000004   Code   RO         3392    i._sys_exit         uart.o
    0x080025bc   0x00000044   Code   RO         3432    i.delay_init        delay.o
    0x08002600   0x0000004c   Code   RO         3433    i.delay_ms          delay.o
    0x0800264c   0x0000004c   Code   RO         3434    i.delay_us          delay.o
    0x08002698   0x0000001c   Code   RO         3393    i.fputc             uart.o
    0x080026b4   0x00000040   Code   RO            2    i.main              main.o
    0x080026f4   0x000000a0   Code   RO         3394    i.uart_init         uart.o
    0x08002794   0x00000078   Code   RO          168    i.usb_print         usb_use.o
    0x0800280c   0x00000010   Code   RO          170    i.usb_use_init      usb_use.o
    0x0800281c   0x000000e9   Data   RO         4116    .constdata          usb_desc.o
    0x08002905   0x00000003   PAD
    0x08002908   0x00000020   Data   RO         4638    Region$$Table       anon$$obj.o


    Execution Region RW_IRAM1 (Base: 0x20000000, Size: 0x00000928, Max: 0x00005000, ABSOLUTE, COMPRESSED[0x0000009c])

    Base Addr    Size         Type   Attr      Idx    E Section Name        Object

    0x20000000   0x00000014   Data   RW          304    .data               system_stm32f10x.o
    0x20000014   0x00000014   Data   RW         1931    .data               stm32f10x_rcc.o
    0x20000028   0x00000006   Data   RW         3396    .data               uart.o
    0x2000002e   0x00000004   Data   RW         3435    .data               delay.o
    0x20000032   0x00000003   Data   RW         3477    .data               usb_core.o
    0x20000035   0x00000003   PAD
    0x20000038   0x00000014   Data   RW         3582    .data               usb_init.o
    0x2000004c   0x00000004   Data   RW         3605    .data               usb_int.o
    0x20000050   0x0000001a   Data   RW         4117    .data               usb_desc.o
    0x2000006a   0x00000002   PAD
    0x2000006c   0x0000003c   Data   RW         4130    .data               usb_istr.o
    0x200000a8   0x000000ac   Data   RW         4171    .data               usb_prop.o
    0x20000154   0x00000007   Data   RW         4283    .data               usb_pwr.o
    0x2000015b   0x00000001   Data   RW         4324    .data               usb_endp.o
    0x2000015c   0x00000004   Data   RW         4460    .data               c_w.l(strtok.o)
    0x20000160   0x000000c8   Zero   RW         3395    .bss                uart.o
    0x20000228   0x0000001c   Zero   RW         3581    .bss                usb_init.o
    0x20000244   0x00000080   Zero   RW         4323    .bss                usb_endp.o
    0x200002c4   0x00000060   Zero   RW         4516    .bss                c_w.l(libspace.o)
    0x20000324   0x00000004   PAD
    0x20000328   0x00000200   Zero   RW          294    HEAP                startup_stm32f10x_md.o
    0x20000528   0x00000400   Zero   RW          293    STACK               startup_stm32f10x_md.o


==============================================================================

Image component sizes


      Code (inc. data)   RO Data    RW Data    ZI Data      Debug   Object Name

         0          0          0          0          0         32   core_cm3.o
       220         26          0          4          0       1723   delay.o
       958         78          0          0          0       5536   hw_config.o
       144         84          0          0          0     234688   main.o
       172         22          0          0          0       1953   misc.o
        64         26        236          0       1536        800   startup_stm32f10x_md.o
        12          6          0          0          0        501   stm32f10x_exti.o
       286          0          0          0          0       2932   stm32f10x_gpio.o
        46          0          0          0          0       4822   stm32f10x_it.o
       288         38          0         20          0       4817   stm32f10x_rcc.o
       408          6          0          0          0       4850   stm32f10x_usart.o
       328         28          0         20          0       2201   system_stm32f10x.o
       328         26          0          6        200       4084   uart.o
      3058        288          0          3          0      14455   usb_core.o
         0          0        233         26          0       1227   usb_desc.o
        44         10          0          1        128       2290   usb_endp.o
        60         24          0         20         28       4098   usb_init.o
       648         32          0          4          0       1736   usb_int.o
       248         26          0         60          0       1424   usb_istr.o
        96         10          0          0          0       1764   usb_mem.o
       746        134          0        172          0      14533   usb_prop.o
       316         38          0          7          0       3674   usb_pwr.o
       676         90          0          0          0       9256   usb_regs.o
        36          8          0          0          0        487   usb_sil.o
       136          4          0          0          0       1135   usb_use.o

    ----------------------------------------------------------------------
      9336       1004        504        348       1892     325018   Object Totals
         0          0         32          0          0          0   (incl. Generated)
        18          0          3          5          0          0   (incl. Padding)

    ----------------------------------------------------------------------

      Code (inc. data)   RO Data    RW Data    ZI Data      Debug   Library Member Name

        90          0          0          0          0          0   __dczerorl2.o
         8          0          0          0          0         68   __main.o
       104          0          0          0          0         84   __printf.o
         0          0          0          0          0          0   __rtentry.o
        12          0          0          0          0          0   __rtentry2.o
         6          0          0          0          0          0   __rtentry4.o
        52          8          0          0          0          0   __scatter.o
        28          0          0          0          0          0   __scatter_zi.o
        48          6          0          0          0         96   _printf_char_common.o
        36          4          0          0          0         80   _printf_char_file.o
         0          0          0          0          0          0   _printf_percent.o
         4          0          0          0          0          0   _printf_percent_end.o
        18          0          0          0          0         80   exit.o
         8          0          0          0          0         68   ferror.o
         6          0          0          0          0        152   heapauxi.o
         2          0          0          0          0          0   libinit.o
         2          0          0          0          0          0   libinit2.o
         2          0          0          0          0          0   libshutdown.o
         2          0          0          0          0          0   libshutdown2.o
         8          4          0          0         96         68   libspace.o
        24          4          0          0          0         84   noretval__2printf.o
         2          0          0          0          0          0   rtexit.o
        10          0          0          0          0          0   rtexit2.o
        32          0          0          0          0         80   strcspn.o
        28          0          0          0          0         80   strspn.o
        12          6          0          4          0         68   strtok.o
        68          4          0          0          0         84   strtok_int.o
        74          0          0          0          0         80   sys_stackheap_outer.o
         2          0          0          0          0         68   use_no_semi.o
         2          0          0          0          0         68   use_no_semi_2.o

    ----------------------------------------------------------------------
       696         36          0          4        100       1308   Library Totals
         6          0          0          0          4          0   (incl. Padding)

    ----------------------------------------------------------------------

      Code (inc. data)   RO Data    RW Data    ZI Data      Debug   Library Name

       690         36          0          4         96       1308   c_w.l

    ----------------------------------------------------------------------
       696         36          0          4        100       1308   Library Totals

    ----------------------------------------------------------------------

==============================================================================


      Code (inc. data)   RO Data    RW Data    ZI Data      Debug   

     10032       1040        504        352       1992     319978   Grand Totals
     10032       1040        504        156       1992     319978   ELF Image Totals (compressed)
     10032       1040        504        156          0          0   ROM Totals

==============================================================================

    Total RO  Size (Code + RO Data)                10536 (  10.29kB)
    Total RW  Size (RW Data + ZI Data)              2344 (   2.29kB)
    Total ROM Size (Code + RO Data + RW Data)      10692 (  10.44kB)

==============================================================================

